Archive member included because of file (symbol)

c:/gcc_arm/49/bin/../lib/gcc/arm-none-eabi/4.9.3/../../../../arm-none-eabi/lib/armv7e-m/fpu\libm.a(lib_a-s_ceil.o)
                              ..\obj\INA219.o (ceil)
c:/gcc_arm/49/bin/../lib/gcc/arm-none-eabi/4.9.3/../../../../arm-none-eabi/lib/armv7e-m/fpu\libm.a(lib_a-s_cos.o)
                              ..\obj\tm_stm32f4_gps.o (cos)
c:/gcc_arm/49/bin/../lib/gcc/arm-none-eabi/4.9.3/../../../../arm-none-eabi/lib/armv7e-m/fpu\libm.a(lib_a-s_sin.o)
                              ..\obj\tm_stm32f4_gps.o (sin)
c:/gcc_arm/49/bin/../lib/gcc/arm-none-eabi/4.9.3/../../../../arm-none-eabi/lib/armv7e-m/fpu\libm.a(lib_a-w_atan2.o)
                              ..\obj\tm_stm32f4_gps.o (atan2)
c:/gcc_arm/49/bin/../lib/gcc/arm-none-eabi/4.9.3/../../../../arm-none-eabi/lib/armv7e-m/fpu\libm.a(lib_a-w_pow.o)
                              ..\obj\udp_echoclient.o (pow)
c:/gcc_arm/49/bin/../lib/gcc/arm-none-eabi/4.9.3/../../../../arm-none-eabi/lib/armv7e-m/fpu\libm.a(lib_a-w_sqrt.o)
                              ..\obj\tm_stm32f4_gps.o (sqrt)
c:/gcc_arm/49/bin/../lib/gcc/arm-none-eabi/4.9.3/../../../../arm-none-eabi/lib/armv7e-m/fpu\libm.a(lib_a-wf_log10.o)
                              ..\obj\sfp.o (log10f)
c:/gcc_arm/49/bin/../lib/gcc/arm-none-eabi/4.9.3/../../../../arm-none-eabi/lib/armv7e-m/fpu\libm.a(lib_a-e_atan2.o)
                              c:/gcc_arm/49/bin/../lib/gcc/arm-none-eabi/4.9.3/../../../../arm-none-eabi/lib/armv7e-m/fpu\libm.a(lib_a-w_atan2.o) (__ieee754_atan2)
c:/gcc_arm/49/bin/../lib/gcc/arm-none-eabi/4.9.3/../../../../arm-none-eabi/lib/armv7e-m/fpu\libm.a(lib_a-e_pow.o)
                              c:/gcc_arm/49/bin/../lib/gcc/arm-none-eabi/4.9.3/../../../../arm-none-eabi/lib/armv7e-m/fpu\libm.a(lib_a-w_pow.o) (__ieee754_pow)
c:/gcc_arm/49/bin/../lib/gcc/arm-none-eabi/4.9.3/../../../../arm-none-eabi/lib/armv7e-m/fpu\libm.a(lib_a-e_rem_pio2.o)
                              c:/gcc_arm/49/bin/../lib/gcc/arm-none-eabi/4.9.3/../../../../arm-none-eabi/lib/armv7e-m/fpu\libm.a(lib_a-s_cos.o) (__ieee754_rem_pio2)
c:/gcc_arm/49/bin/../lib/gcc/arm-none-eabi/4.9.3/../../../../arm-none-eabi/lib/armv7e-m/fpu\libm.a(lib_a-e_sqrt.o)
                              c:/gcc_arm/49/bin/../lib/gcc/arm-none-eabi/4.9.3/../../../../arm-none-eabi/lib/armv7e-m/fpu\libm.a(lib_a-w_sqrt.o) (__ieee754_sqrt)
c:/gcc_arm/49/bin/../lib/gcc/arm-none-eabi/4.9.3/../../../../arm-none-eabi/lib/armv7e-m/fpu\libm.a(lib_a-ef_log10.o)
                              c:/gcc_arm/49/bin/../lib/gcc/arm-none-eabi/4.9.3/../../../../arm-none-eabi/lib/armv7e-m/fpu\libm.a(lib_a-wf_log10.o) (__ieee754_log10f)
c:/gcc_arm/49/bin/../lib/gcc/arm-none-eabi/4.9.3/../../../../arm-none-eabi/lib/armv7e-m/fpu\libm.a(lib_a-k_cos.o)
                              c:/gcc_arm/49/bin/../lib/gcc/arm-none-eabi/4.9.3/../../../../arm-none-eabi/lib/armv7e-m/fpu\libm.a(lib_a-s_cos.o) (__kernel_cos)
c:/gcc_arm/49/bin/../lib/gcc/arm-none-eabi/4.9.3/../../../../arm-none-eabi/lib/armv7e-m/fpu\libm.a(lib_a-k_rem_pio2.o)
                              c:/gcc_arm/49/bin/../lib/gcc/arm-none-eabi/4.9.3/../../../../arm-none-eabi/lib/armv7e-m/fpu\libm.a(lib_a-e_rem_pio2.o) (__kernel_rem_pio2)
c:/gcc_arm/49/bin/../lib/gcc/arm-none-eabi/4.9.3/../../../../arm-none-eabi/lib/armv7e-m/fpu\libm.a(lib_a-k_sin.o)
                              c:/gcc_arm/49/bin/../lib/gcc/arm-none-eabi/4.9.3/../../../../arm-none-eabi/lib/armv7e-m/fpu\libm.a(lib_a-s_cos.o) (__kernel_sin)
c:/gcc_arm/49/bin/../lib/gcc/arm-none-eabi/4.9.3/../../../../arm-none-eabi/lib/armv7e-m/fpu\libm.a(lib_a-s_atan.o)
                              c:/gcc_arm/49/bin/../lib/gcc/arm-none-eabi/4.9.3/../../../../arm-none-eabi/lib/armv7e-m/fpu\libm.a(lib_a-e_atan2.o) (atan)
c:/gcc_arm/49/bin/../lib/gcc/arm-none-eabi/4.9.3/../../../../arm-none-eabi/lib/armv7e-m/fpu\libm.a(lib_a-s_fabs.o)
                              c:/gcc_arm/49/bin/../lib/gcc/arm-none-eabi/4.9.3/../../../../arm-none-eabi/lib/armv7e-m/fpu\libm.a(lib_a-e_atan2.o) (fabs)
c:/gcc_arm/49/bin/../lib/gcc/arm-none-eabi/4.9.3/../../../../arm-none-eabi/lib/armv7e-m/fpu\libm.a(lib_a-s_finite.o)
                              c:/gcc_arm/49/bin/../lib/gcc/arm-none-eabi/4.9.3/../../../../arm-none-eabi/lib/armv7e-m/fpu\libm.a(lib_a-w_pow.o) (finite)
c:/gcc_arm/49/bin/../lib/gcc/arm-none-eabi/4.9.3/../../../../arm-none-eabi/lib/armv7e-m/fpu\libm.a(lib_a-s_floor.o)
                              c:/gcc_arm/49/bin/../lib/gcc/arm-none-eabi/4.9.3/../../../../arm-none-eabi/lib/armv7e-m/fpu\libm.a(lib_a-k_rem_pio2.o) (floor)
c:/gcc_arm/49/bin/../lib/gcc/arm-none-eabi/4.9.3/../../../../arm-none-eabi/lib/armv7e-m/fpu\libm.a(lib_a-s_fpclassify.o)
                              c:/gcc_arm/49/bin/../lib/gcc/arm-none-eabi/4.9.3/../../../../arm-none-eabi/lib/armv7e-m/fpu\libm.a(lib_a-w_pow.o) (__fpclassifyd)
c:/gcc_arm/49/bin/../lib/gcc/arm-none-eabi/4.9.3/../../../../arm-none-eabi/lib/armv7e-m/fpu\libm.a(lib_a-s_lib_ver.o)
[...]
Memory Configuration

Name             Origin             Length             Attributes
rom              0x08000000         0x00100000         xr
ram              0x20000000         0x00020000         xrw
ram1             0x10000000         0x00010000         xrw
*default*        0x00000000         0xffffffff

Linker script and memory map

                0x20020000                _eram = 0x20020000

.text           0x08000000    0x1b5a0
 *(.isr_vector)
 .isr_vector    0x08000000      0x188 ..\obj\startup_stm32f4xx.o
                0x08000000                g_pfnVectors
 *(.text*)
 .text.SYSCFG_ETH_MediaInterfaceConfig
                0x08000188       0x1c ..\obj\stm32f4xx_syscfg.o
                0x08000188                SYSCFG_ETH_MediaInterfaceConfig
 .text.plug_holes
                0x080001a4       0xbc ..\obj\mem.o
 .text.mem_init
                0x08000260       0x84 ..\obj\mem.o
                0x08000260                mem_init
 .text.mem_free
                0x080002e4       0x64 ..\obj\mem.o
                0x080002e4                mem_free
 .text.mem_realloc
                0x08000348      0x17c ..\obj\mem.o
                0x08000348                mem_realloc
 .text.mem_malloc
                0x080004c4      0x14c ..\obj\mem.o
                0x080004c4                mem_malloc
 .text.Delayms  0x08000610       0x58 ..\obj\udp_echoclient.o
 .text.input_power
                0x08000668      0x114 ..\obj\udp_echoclient.o
                0x08000668                input_power
 .text.udp_echoserver_initWithPort
                0x0800077c       0x60 ..\obj\udp_echoclient.o
                0x0800077c                udp_echoserver_initWithPort
 .text.udp_echoserver_receive_callback
                0x080007dc       0x38 ..\obj\udp_echoclient.o
                0x080007dc                udp_echoserver_receive_callback
 .text.sendToServer
                0x08000814       0xc0 ..\obj\udp_echoclient.o
                0x08000814                sendToServer
 .text.Send_Data
                0x080008d4      0x494 ..\obj\udp_echoclient.o
                0x080008d4                Send_Data
 .text.ethernetSendString
                0x08000d68       0xec ..\obj\udp_echoclient.o
                0x08000d68                ethernetSendString
 .text.cmdlineInit
                0x08000e54       0x40 ..\obj\cmdline.o
                0x08000e54                cmdlineInit
 .text.cmdlineAddCommand
                0x08000e94       0x48 ..\obj\cmdline.o
                0x08000e94                cmdlineAddCommand
 .text.cmdlineSetOutputFunc
                0x08000edc       0x1c ..\obj\cmdline.o
                0x08000edc                cmdlineSetOutputFunc
 .text.cmdlineInputFunc
                0x08000ef8      0x2c8 ..\obj\cmdline.o
                0x08000ef8                cmdlineInputFunc
 .text.cmdlineRepaint
                0x080011c0       0x98 ..\obj\cmdline.o
                0x080011c0                cmdlineRepaint
 .text.cmdlineDoHistory
                0x08001258       0x68 ..\obj\cmdline.o
                0x08001258                cmdlineDoHistory
 .text.cmdlineProcessInputString
                0x080012c0       0xb0 ..\obj\cmdline.o
                0x080012c0                cmdlineProcessInputString
 .text.cmdlineMainLoop
                0x08001370       0x24 ..\obj\cmdline.o
                0x08001370                cmdlineMainLoop
 .text.cmdlinePrintPrompt
                0x08001394       0x3c ..\obj\cmdline.o
                0x08001394                cmdlinePrintPrompt
 .text.cmdlinePrintError
                0x080013d0       0xd8 ..\obj\cmdline.o
                0x080013d0                cmdlinePrintError
 .text.cmdlineGetArgStr
                0x080014a8       0x8c ..\obj\cmdline.o
                0x080014a8                cmdlineGetArgStr
 .text.cmdlineGetArgInt
                0x08001534       0x2c ..\obj\cmdline.o
                0x08001534                cmdlineGetArgInt
 .text.tcp_close
                0x08001560      0x164 ..\obj\tcp.o
                0x08001560                tcp_close
 .text.tcp_abandon
                0x080016c4       0xe0 ..\obj\tcp.o
                0x080016c4                tcp_abandon
 .text.tcp_update_rcv_ann_wnd
                0x080017a4       0x84 ..\obj\tcp.o
                0x080017a4                tcp_update_rcv_ann_wnd
 .text.tcp_recved
                0x08001828       0x60 ..\obj\tcp.o
                0x08001828                tcp_recved
 .text.tcp_segs_free
                0x08001888       0x38 ..\obj\tcp.o
                0x08001888                tcp_segs_free
 .text.tcp_seg_free
                0x080018c0       0x3c ..\obj\tcp.o
                0x080018c0                tcp_seg_free
 .text.tcp_recv_null
                0x080018fc       0x48 ..\obj\tcp.o
                0x080018fc                tcp_recv_null
 .text.tcp_kill_prio
                0x08001944       0x80 ..\obj\tcp.o
 .text.tcp_kill_timewait
                0x080019c4       0x60 ..\obj\tcp.o
 .text.tcp_alloc
                0x08001a24      0x10c ..\obj\tcp.o
                0x08001a24                tcp_alloc
 .text.tcp_pcb_purge
                0x08001b30       0x60 ..\obj\tcp.o
                0x08001b30                tcp_pcb_purge
 .text.tcp_pcb_remove
                0x08001b90       0xac ..\obj\tcp.o
                0x08001b90                tcp_pcb_remove
 .text.tcp_next_iss
                0x08001c3c       0x28 ..\obj\tcp.o
                0x08001c3c                tcp_next_iss
 .text.tcp_eff_send_mss
                0x08001c64       0x40 ..\obj\tcp.o
                0x08001c64                tcp_eff_send_mss
 .text.TM_USART_Putc
                0x08001ca4       0x50 ..\obj\gsm.o
 .text.GSM_Init
                0x08001cf4       0x6c ..\obj\gsm.o
                0x08001cf4                GSM_Init
 .text.GSM_requestModem
                0x08001d60       0xb8 ..\obj\gsm.o
                0x08001d60                GSM_requestModem
 .text.GSM_requestModemWaitAnswer
                0x08001e18       0xac ..\obj\gsm.o
                0x08001e18                GSM_requestModemWaitAnswer
 .text.GSM_getsTimeout
                0x08001ec4       0x98 ..\obj\gsm.o
                0x08001ec4                GSM_getsTimeout
 .text.GSM_sendSMS
                0x08001f5c       0xf4 ..\obj\gsm.o
                0x08001f5c                GSM_sendSMS
 .text.GSM_checkNetwork_Simple
                0x08002050       0x54 ..\obj\gsm.o
                0x08002050                GSM_checkNetwork_Simple
 .text.GSM_isRegistered
                0x080020a4       0x24 ..\obj\gsm.o
                0x080020a4                GSM_isRegistered
 .text.EXTI0_IRQHandler
                0x080020c8       0x24 ..\obj\tm_stm32f4_exti.o
                0x080020c8                EXTI0_IRQHandler
 .text.EXTI1_IRQHandler
                0x080020ec       0x24 ..\obj\tm_stm32f4_exti.o
                0x080020ec                EXTI1_IRQHandler
 .text.EXTI2_IRQHandler
                0x08002110       0x24 ..\obj\tm_stm32f4_exti.o
                0x08002110                EXTI2_IRQHandler
 .text.EXTI3_IRQHandler
                0x08002134       0x24 ..\obj\tm_stm32f4_exti.o
                0x08002134                EXTI3_IRQHandler
 .text.EXTI4_IRQHandler
                0x08002158       0x24 ..\obj\tm_stm32f4_exti.o
                0x08002158                EXTI4_IRQHandler
 .text.EXTI9_5_IRQHandler
                0x0800217c       0x8c ..\obj\tm_stm32f4_exti.o
                0x0800217c                EXTI9_5_IRQHandler
 .text.EXTI15_10_IRQHandler
                0x08002208       0xb4 ..\obj\tm_stm32f4_exti.o
                0x08002208                EXTI15_10_IRQHandler
 .text.INA219_begin
                0x080022bc       0x34 ..\obj\INA219.o
                0x080022bc                INA219_begin
 .text.INA219_configure
                0x080022f0       0xe0 ..\obj\INA219.o
                0x080022f0                INA219_configure
 .text.INA219_calibrate
                0x080023d0      0x164 ..\obj\INA219.o
                0x080023d0                INA219_calibrate
 .text.INA219_readBusPower
                0x08002534       0x28 ..\obj\INA219.o
                0x08002534                INA219_readBusPower
 .text.INA219_readShuntCurrent
                0x0800255c       0x28 ..\obj\INA219.o
                0x0800255c                INA219_readShuntCurrent
 *fill*         0x08002584        0x4 
 .text.INA219_readBusVoltage
                0x08002588       0x58 ..\obj\INA219.o
                0x08002588                INA219_readBusVoltage
 .text.readRegister16
                0x080025e0       0x44 ..\obj\INA219.o
                0x080025e0                readRegister16
 .text.writeRegister16
                0x08002624       0x44 ..\obj\INA219.o
                0x08002624                writeRegister16
 .text.TM_BKPSRAM_Init
                0x08002668       0x40 ..\obj\tm_stm32f4_bkpsram.o
                0x08002668                TM_BKPSRAM_Init
 .text.tcp_input
                0x080026a8      0x5d0 ..\obj\tcp_in.o
                0x080026a8                tcp_input
 .text.tcp_listen_input
                0x08002c78      0x1a4 ..\obj\tcp_in.o
 .text.tcp_timewait_input
                0x08002e1c       0xe8 ..\obj\tcp_in.o
 .text.tcp_process
                0x08002f04      0x6cc ..\obj\tcp_in.o
 .text.tcp_receive
                0x080035d0      0x8c4 ..\obj\tcp_in.o
 .text.tcp_parseopt
                0x08003e94      0x104 ..\obj\tcp_in.o
 .text.USART_DeInit
                0x08003f98      0x114 ..\obj\stm32f4xx_usart.o
                0x08003f98                USART_DeInit
 .text.USART_Init
                0x080040ac      0x178 ..\obj\stm32f4xx_usart.o
                0x080040ac                USART_Init
 .text.USART_SendData
                0x08004224       0x24 ..\obj\stm32f4xx_usart.o
                0x08004224                USART_SendData
 .text.USART_GetFlagStatus
                0x08004248       0x38 ..\obj\stm32f4xx_usart.o
                0x08004248                USART_GetFlagStatus
 .text.PWR_BackupAccessCmd
                0x08004280       0x20 ..\obj\stm32f4xx_pwr.o
                0x08004280                PWR_BackupAccessCmd
 .text.PWR_BackupRegulatorCmd
                0x080042a0       0x20 ..\obj\stm32f4xx_pwr.o
                0x080042a0                PWR_BackupRegulatorCmd
 .text.PWR_EnterSTANDBYMode
                0x080042c0       0x30 ..\obj\stm32f4xx_pwr.o
                0x080042c0                PWR_EnterSTANDBYMode
 .text.PWR_ClearFlag
                0x080042f0       0x24 ..\obj\stm32f4xx_pwr.o
                0x080042f0                PWR_ClearFlag
 .text.memp_init
                0x08004314       0x98 ..\obj\memp.o
                0x08004314                memp_init
 .text.memp_malloc
                0x080043ac       0x44 ..\obj\memp.o
                0x080043ac                memp_malloc
 .text.memp_free
                0x080043f0       0x3c ..\obj\memp.o
                0x080043f0                memp_free
 .text.autoip_handle_arp_conflict
                0x0800442c       0x40 ..\obj\autoip.o
 .text.autoip_create_addr
                0x0800446c       0x8c ..\obj\autoip.o
 .text.autoip_arp_announce
                0x080044f8       0x4c ..\obj\autoip.o
 .text.autoip_start
                0x08004544       0xac ..\obj\autoip.o
                0x08004544                autoip_start
 .text.autoip_start_probing
                0x080045f0       0x88 ..\obj\autoip.o
 .text.autoip_arp_reply
                0x08004678       0xec ..\obj\autoip.o
                0x08004678                autoip_arp_reply
 .text.TM_ADC_Init
                0x08004764       0xfc ..\obj\tm_stm32f4_adc.o
                0x08004764                TM_ADC_Init
 .text.TM_ADC_InitADC
                0x08004860       0xbc ..\obj\tm_stm32f4_adc.o
                0x08004860                TM_ADC_InitADC
 .text.TM_ADC_Read
                0x0800491c       0x58 ..\obj\tm_stm32f4_adc.o
                0x0800491c                TM_ADC_Read
 .text.TM_ADC_INT_Channel_0_Init
                0x08004974       0x1c ..\obj\tm_stm32f4_adc.o
                0x08004974                TM_ADC_INT_Channel_0_Init
 .text.TM_ADC_INT_Channel_1_Init
                0x08004990       0x1c ..\obj\tm_stm32f4_adc.o
                0x08004990                TM_ADC_INT_Channel_1_Init
 .text.TM_ADC_INT_Channel_2_Init
                0x080049ac       0x1c ..\obj\tm_stm32f4_adc.o
                0x080049ac                TM_ADC_INT_Channel_2_Init
 .text.TM_ADC_INT_Channel_3_Init
                0x080049c8       0x1c ..\obj\tm_stm32f4_adc.o
                0x080049c8                TM_ADC_INT_Channel_3_Init
 .text.TM_ADC_INT_Channel_4_Init
                0x080049e4       0x4c ..\obj\tm_stm32f4_adc.o
                0x080049e4                TM_ADC_INT_Channel_4_Init
 .text.TM_ADC_INT_Channel_5_Init
                0x08004a30       0x4c ..\obj\tm_stm32f4_adc.o
                0x08004a30                TM_ADC_INT_Channel_5_Init
 .text.TM_ADC_INT_Channel_6_Init
                0x08004a7c       0x4c ..\obj\tm_stm32f4_adc.o
                0x08004a7c                TM_ADC_INT_Channel_6_Init
 .text.TM_ADC_INT_Channel_7_Init
                0x08004ac8       0x4c ..\obj\tm_stm32f4_adc.o
                0x08004ac8                TM_ADC_INT_Channel_7_Init
 .text.TM_ADC_INT_Channel_8_Init
                0x08004b14       0x4c ..\obj\tm_stm32f4_adc.o
                0x08004b14                TM_ADC_INT_Channel_8_Init
 .text.TM_ADC_INT_Channel_9_Init
                0x08004b60       0x4c ..\obj\tm_stm32f4_adc.o
                0x08004b60                TM_ADC_INT_Channel_9_Init
 .text.TM_ADC_INT_Channel_10_Init
                0x08004bac       0x1c ..\obj\tm_stm32f4_adc.o
                0x08004bac                TM_ADC_INT_Channel_10_Init
 .text.TM_ADC_INT_Channel_11_Init
                0x08004bc8       0x1c ..\obj\tm_stm32f4_adc.o
                0x08004bc8                TM_ADC_INT_Channel_11_Init
 .text.TM_ADC_INT_Channel_12_Init
                0x08004be4       0x1c ..\obj\tm_stm32f4_adc.o
                0x08004be4                TM_ADC_INT_Channel_12_Init
 .text.TM_ADC_INT_Channel_13_Init
                0x08004c00       0x1c ..\obj\tm_stm32f4_adc.o
                0x08004c00                TM_ADC_INT_Channel_13_Init
 .text.TM_ADC_INT_Channel_14_Init
                0x08004c1c       0x4c ..\obj\tm_stm32f4_adc.o
                0x08004c1c                TM_ADC_INT_Channel_14_Init
 .text.TM_ADC_INT_Channel_15_Init
                0x08004c68       0x4c ..\obj\tm_stm32f4_adc.o
                0x08004c68                TM_ADC_INT_Channel_15_Init
 .text.TM_ADC_INT_InitPin
                0x08004cb4       0x28 ..\obj\tm_stm32f4_adc.o
                0x08004cb4                TM_ADC_INT_InitPin
 .text.TM_GPS_Init
                0x08004cdc      0x120 ..\obj\tm_stm32f4_gps.o
                0x08004cdc                TM_GPS_Init
 .text.TM_GPS_Update
                0x08004dfc       0x74 ..\obj\tm_stm32f4_gps.o
                0x08004dfc                TM_GPS_Update
 .text.TM_GPS_INT_Do
                0x08004e70      0x1cc ..\obj\tm_stm32f4_gps.o
                0x08004e70                TM_GPS_INT_Do
 .text.TM_GPS_INT_CheckTerm
                0x0800503c      0xd5c ..\obj\tm_stm32f4_gps.o
                0x0800503c                TM_GPS_INT_CheckTerm
 .text.TM_GPS_INT_Return
                0x08005d98      0x14c ..\obj\tm_stm32f4_gps.o
                0x08005d98                TM_GPS_INT_Return
 .text.TM_GPS_INT_StringStartsWith
                0x08005ee4       0x3c ..\obj\tm_stm32f4_gps.o
                0x08005ee4                TM_GPS_INT_StringStartsWith
 .text.TM_GPS_INT_Atoi
                0x08005f20       0x5c ..\obj\tm_stm32f4_gps.o
                0x08005f20                TM_GPS_INT_Atoi
 .text.TM_GPS_INT_Pow
                0x08005f7c       0x38 ..\obj\tm_stm32f4_gps.o
                0x08005f7c                TM_GPS_INT_Pow
 .text.TM_GPS_INT_Hex2Dec
                0x08005fb4       0x54 ..\obj\tm_stm32f4_gps.o
                0x08005fb4                TM_GPS_INT_Hex2Dec
 .text.TM_GPS_INT_FlagsOk
                0x08006008       0x5c ..\obj\tm_stm32f4_gps.o
                0x08006008                TM_GPS_INT_FlagsOk
 .text.TM_GPS_INT_ClearFlags
                0x08006064       0x44 ..\obj\tm_stm32f4_gps.o
                0x08006064                TM_GPS_INT_ClearFlags
 .text.TM_GPS_INT_CheckEmpty
                0x080060a8      0x2d0 ..\obj\tm_stm32f4_gps.o
                0x080060a8                TM_GPS_INT_CheckEmpty
 .text.ip_reass_free_complete_datagram
                0x08006378       0xbc ..\obj\ip_frag.o
 .text.ip_reass_remove_oldest_datagram
                0x08006434       0xb8 ..\obj\ip_frag.o
 .text.ip_reass_enqueue_new_datagram
                0x080064ec       0x74 ..\obj\ip_frag.o
 .text.ip_reass_dequeue_datagram
                0x08006560       0x38 ..\obj\ip_frag.o
 .text.ip_reass_chain_frag_into_datagram_and_validate
                0x08006598      0x210 ..\obj\ip_frag.o
 .text.ip_reass
                0x080067a8      0x268 ..\obj\ip_frag.o
                0x080067a8                ip_reass
 .text.ip_frag  0x08006a10      0x1a4 ..\obj\ip_frag.o
                0x08006a10                ip_frag
 .text.SFP_Read
                0x08006bb4      0x4b8 ..\obj\sfp.o
                0x08006bb4                SFP_Read
 .text.SFP_DOM_Reading_Update
                0x0800706c       0x1c ..\obj\sfp.o
                0x0800706c                SFP_DOM_Reading_Update
 .text.SFP_DOM_Conv_u16
                0x08007088       0x60 ..\obj\sfp.o
                0x08007088                SFP_DOM_Conv_u16
 .text.SFP_DOM_Conv_float
                0x080070e8      0x194 ..\obj\sfp.o
                0x080070e8                SFP_DOM_Conv_float
 .text.mw_2_dbm
                0x0800727c       0x28 ..\obj\sfp.o
                0x0800727c                mw_2_dbm
 .text.Default_Reset_Handler
                0x080072a4       0x68 ..\obj\startup_stm32f4xx.o
                0x080072a4                Default_Reset_Handler
                0x080072a4                Reset_Handler
 .text.Default_Handler
                0x0800730c        0x8 ..\obj\startup_stm32f4xx.o
                0x0800730c                HASH_RNG_IRQHandler
                0x0800730c                TIM8_CC_IRQHandler
                0x0800730c                DebugMon_Handler
                0x0800730c                TIM1_CC_IRQHandler
                0x0800730c                DMA2_Stream5_IRQHandler
                0x0800730c                DMA1_Stream5_IRQHandler
                0x0800730c                PVD_IRQHandler
                0x0800730c                SDIO_IRQHandler
                0x0800730c                TAMP_STAMP_IRQHandler
                0x0800730c                PendSV_Handler
                0x0800730c                NMI_Handler
                0x0800730c                CAN2_RX1_IRQHandler
                0x0800730c                TIM8_TRG_COM_TIM14_IRQHandler
                0x0800730c                TIM1_UP_TIM10_IRQHandler
                0x0800730c                TIM8_UP_TIM13_IRQHandler
                0x0800730c                I2C3_ER_IRQHandler
                0x0800730c                I2C2_EV_IRQHandler
                0x0800730c                DMA1_Stream2_IRQHandler
                0x0800730c                CAN1_RX0_IRQHandler
                0x0800730c                FPU_IRQHandler
                0x0800730c                OTG_HS_WKUP_IRQHandler
                0x0800730c                UsageFault_Handler
                0x0800730c                CAN2_SCE_IRQHandler
                0x0800730c                DMA2_Stream2_IRQHandler
                0x0800730c                SPI1_IRQHandler
                0x0800730c                TIM6_DAC_IRQHandler
                0x0800730c                TIM1_BRK_TIM9_IRQHandler
                0x0800730c                DCMI_IRQHandler
                0x0800730c                CAN2_RX0_IRQHandler
                0x0800730c                DMA2_Stream3_IRQHandler
                0x0800730c                CRYP_IRQHandler
                0x0800730c                CAN1_RX1_IRQHandler
                0x0800730c                DMA2_Stream0_IRQHandler
                0x0800730c                TIM4_IRQHandler
                0x0800730c                I2C1_EV_IRQHandler
                0x0800730c                DMA1_Stream6_IRQHandler
                0x0800730c                DMA1_Stream1_IRQHandler
                0x0800730c                TIM3_IRQHandler
                0x0800730c                RCC_IRQHandler
                0x0800730c                TIM8_BRK_TIM12_IRQHandler
                0x0800730c                ADC_IRQHandler
                0x0800730c                DMA1_Stream7_IRQHandler
                0x0800730c                TIM7_IRQHandler
                0x0800730c                CAN2_TX_IRQHandler
                0x0800730c                TIM5_IRQHandler
                0x0800730c                DMA2_Stream7_IRQHandler
                0x0800730c                I2C3_EV_IRQHandler
                0x0800730c                ETH_WKUP_IRQHandler
                0x0800730c                SPI2_IRQHandler
                0x0800730c                OTG_HS_EP1_IN_IRQHandler
                0x0800730c                MemManage_Handler
                0x0800730c                DMA1_Stream0_IRQHandler
                0x0800730c                CAN1_TX_IRQHandler
                0x0800730c                SVC_Handler
                0x0800730c                FSMC_IRQHandler
                0x0800730c                ETH_IRQHandler
                0x0800730c                OTG_HS_EP1_OUT_IRQHandler
                0x0800730c                WWDG_IRQHandler
                0x0800730c                OTG_FS_WKUP_IRQHandler
                0x0800730c                TIM1_TRG_COM_TIM11_IRQHandler
                0x0800730c                OTG_HS_IRQHandler
                0x0800730c                I2C2_ER_IRQHandler
                0x0800730c                DMA2_Stream1_IRQHandler
                0x0800730c                CAN1_SCE_IRQHandler
                0x0800730c                FLASH_IRQHandler
                0x0800730c                DMA2_Stream4_IRQHandler
                0x0800730c                BusFault_Handler
                0x0800730c                OTG_FS_IRQHandler
                0x0800730c                SPI3_IRQHandler
                0x0800730c                DMA1_Stream4_IRQHandler
                0x0800730c                I2C1_ER_IRQHandler
                0x0800730c                DMA2_Stream6_IRQHandler
                0x0800730c                DMA1_Stream3_IRQHandler
 .text.ETH_Delay
                0x08007314       0x28 ..\obj\stm32f4x7_eth.o
 .text.ETH_DeInit
                0x0800733c       0x1c ..\obj\stm32f4x7_eth.o
                0x0800733c                ETH_DeInit
 .text.ETH_StructInit
                0x08007358      0x15c ..\obj\stm32f4x7_eth.o
                0x08007358                ETH_StructInit
 .text.ETH_Init
                0x080074b4      0x40c ..\obj\stm32f4x7_eth.o
                0x080074b4                ETH_Init
 .text.ETH_Start
                0x080078c0       0x24 ..\obj\stm32f4x7_eth.o
                0x080078c0                ETH_Start
 .text.ETH_MACTransmissionCmd
                0x080078e4       0x38 ..\obj\stm32f4x7_eth.o
                0x080078e4                ETH_MACTransmissionCmd
 .text.ETH_MACReceptionCmd
                0x0800791c       0x38 ..\obj\stm32f4x7_eth.o
                0x0800791c                ETH_MACReceptionCmd
 .text.ETH_MACAddressConfig
                0x08007954       0x6c ..\obj\stm32f4x7_eth.o
                0x08007954                ETH_MACAddressConfig
 .text.ETH_Get_Received_Frame
                0x080079c0       0x84 ..\obj\stm32f4x7_eth.o
                0x080079c0                ETH_Get_Received_Frame
 .text.ETH_Prepare_Transmit_Descriptors
                0x08007a44      0x16c ..\obj\stm32f4x7_eth.o
                0x08007a44                ETH_Prepare_Transmit_Descriptors
 .text.ETH_DMARxDescChainInit
                0x08007bb0       0xa8 ..\obj\stm32f4x7_eth.o
                0x08007bb0                ETH_DMARxDescChainInit
 .text.ETH_CheckFrameReceived
                0x08007c58       0xd4 ..\obj\stm32f4x7_eth.o
                0x08007c58                ETH_CheckFrameReceived
 .text.ETH_DMATxDescChainInit
                0x08007d2c       0x90 ..\obj\stm32f4x7_eth.o
                0x08007d2c                ETH_DMATxDescChainInit
 .text.ETH_DMATxDescChecksumInsertionConfig
                0x08007dbc       0x20 ..\obj\stm32f4x7_eth.o
                0x08007dbc                ETH_DMATxDescChecksumInsertionConfig
 .text.ETH_SoftwareReset
                0x08007ddc       0x24 ..\obj\stm32f4x7_eth.o
                0x08007ddc                ETH_SoftwareReset
 .text.ETH_GetSoftwareResetStatus
                0x08007e00       0x38 ..\obj\stm32f4x7_eth.o
                0x08007e00                ETH_GetSoftwareResetStatus
 .text.ETH_FlushTransmitFIFO
                0x08007e38       0x28 ..\obj\stm32f4x7_eth.o
                0x08007e38                ETH_FlushTransmitFIFO
 .text.ETH_DMATransmissionCmd
                0x08007e60       0x50 ..\obj\stm32f4x7_eth.o
                0x08007e60                ETH_DMATransmissionCmd
 .text.ETH_DMAReceptionCmd
                0x08007eb0       0x50 ..\obj\stm32f4x7_eth.o
                0x08007eb0                ETH_DMAReceptionCmd
 .text.ETH_ReadPHYRegister
                0x08007f00       0xa0 ..\obj\stm32f4x7_eth.o
                0x08007f00                ETH_ReadPHYRegister
 .text.ETH_WritePHYRegister
                0x08007fa0       0xa4 ..\obj\stm32f4x7_eth.o
                0x08007fa0                ETH_WritePHYRegister
 .text.ip_addr_isbroadcast
                0x08008044       0x7c ..\obj\ip_addr.o
                0x08008044                ip_addr_isbroadcast
 .text.lwip_standard_chksum
                0x080080c0       0x9c ..\obj\inet_chksum.o
 .text.inet_chksum_pseudo
                0x0800815c      0x10c ..\obj\inet_chksum.o
                0x0800815c                inet_chksum_pseudo
 .text.inet_chksum
                0x08008268       0x24 ..\obj\inet_chksum.o
                0x08008268                inet_chksum
 .text.inet_chksum_pbuf
                0x0800828c       0x98 ..\obj\inet_chksum.o
                0x0800828c                inet_chksum_pbuf
 .text.main     0x08008324       0xf8 ..\obj\main.o
                0x08008324                main
 .text.SysTick_Handler
                0x0800841c        0xc ..\obj\main.o
                0x0800841c                SysTick_Handler
 .text.BUTTON1_EventHandler
                0x08008428       0x1c ..\obj\main.o
                0x08008428                BUTTON1_EventHandler
 .text.HardFault_Handler
                0x08008444       0x10 ..\obj\main.o
                0x08008444                HardFault_Handler
 .text.TM_BUTTON_Init
                0x08008454       0xbc ..\obj\tm_stm32f4_button.o
                0x08008454                TM_BUTTON_Init
 .text.TM_BUTTON_Update
                0x08008510       0x34 ..\obj\tm_stm32f4_button.o
                0x08008510                TM_BUTTON_Update
 .text.TM_BUTTON_INT_CheckButton
                0x08008544       0xf8 ..\obj\tm_stm32f4_button.o
                0x08008544                TM_BUTTON_INT_CheckButton
 .text.RCC_DeInit
                0x0800863c       0x70 ..\obj\stm32f4xx_rcc.o
                0x0800863c                RCC_DeInit
 .text.RCC_LSEConfig
                0x080086ac       0x40 ..\obj\stm32f4xx_rcc.o
                0x080086ac                RCC_LSEConfig
 .text.RCC_LSICmd
                0x080086ec       0x20 ..\obj\stm32f4xx_rcc.o
                0x080086ec                RCC_LSICmd
 .text.RCC_GetClocksFreq
                0x0800870c      0x154 ..\obj\stm32f4xx_rcc.o
                0x0800870c                RCC_GetClocksFreq
 .text.RCC_RTCCLKConfig
                0x08008860       0x5c ..\obj\stm32f4xx_rcc.o
                0x08008860                RCC_RTCCLKConfig
 .text.RCC_RTCCLKCmd
                0x080088bc       0x20 ..\obj\stm32f4xx_rcc.o
                0x080088bc                RCC_RTCCLKCmd
 .text.RCC_AHB1PeriphClockCmd
                0x080088dc       0x3c ..\obj\stm32f4xx_rcc.o
                0x080088dc                RCC_AHB1PeriphClockCmd
 .text.RCC_APB1PeriphClockCmd
                0x08008918       0x3c ..\obj\stm32f4xx_rcc.o
                0x08008918                RCC_APB1PeriphClockCmd
 .text.RCC_APB2PeriphClockCmd
                0x08008954       0x3c ..\obj\stm32f4xx_rcc.o
                0x08008954                RCC_APB2PeriphClockCmd
 .text.RCC_AHB1PeriphResetCmd
                0x08008990       0x3c ..\obj\stm32f4xx_rcc.o
                0x08008990                RCC_AHB1PeriphResetCmd
 .text.RCC_APB1PeriphResetCmd
                0x080089cc       0x3c ..\obj\stm32f4xx_rcc.o
                0x080089cc                RCC_APB1PeriphResetCmd
 .text.RCC_APB2PeriphResetCmd
                0x08008a08       0x3c ..\obj\stm32f4xx_rcc.o
                0x08008a08                RCC_APB2PeriphResetCmd
 .text.RCC_GetFlagStatus
                0x08008a44       0x74 ..\obj\stm32f4xx_rcc.o
                0x08008a44                RCC_GetFlagStatus
 .text.LwIP_InitWithIP
                0x08008ab8      0x14c ..\obj\netconf.o
                0x08008ab8                LwIP_InitWithIP
 .text.LwIP_Pkt_Handle
                0x08008c04       0x10 ..\obj\netconf.o
                0x08008c04                LwIP_Pkt_Handle
 .text.TM_USART_Putc
                0x08008c14       0x50 ..\obj\cmdline_functions.o
 .text.Delay    0x08008c64       0x3c ..\obj\cmdline_functions.o
 .text.Delayms  0x08008ca0       0x58 ..\obj\cmdline_functions.o
 .text.Menu_Output
                0x08008cf8       0x20 ..\obj\cmdline_functions.o
                0x08008cf8                Menu_Output
 .text.Config_Menu
                0x08008d18       0x54 ..\obj\cmdline_functions.o
                0x08008d18                Config_Menu
 .text.help_descr
                0x08008d6c       0x9c ..\obj\cmdline_functions.o
                0x08008d6c                help_descr
 .text.Menu_Init
                0x08008e08      0x104 ..\obj\cmdline_functions.o
                0x08008e08                Menu_Init
 .text.show_ddmi
                0x08008f0c       0xbc ..\obj\cmdline_functions.o
                0x08008f0c                show_ddmi
 .text.show_temp_humidity
                0x08008fc8       0x90 ..\obj\cmdline_functions.o
                0x08008fc8                show_temp_humidity
 .text.show_sys
                0x08009058      0x11c ..\obj\cmdline_functions.o
                0x08009058                show_sys
 .text.gsm      0x08009174       0x98 ..\obj\cmdline_functions.o
                0x08009174                gsm
 .text.eth_test
                0x0800920c       0x10 ..\obj\cmdline_functions.o
                0x0800920c                eth_test
 .text.set_ID   0x0800921c       0x24 ..\obj\cmdline_functions.o
                0x0800921c                set_ID
 .text.set_LocalIP
                0x08009240       0x3c ..\obj\cmdline_functions.o
                0x08009240                set_LocalIP
 .text.set_RemoteIP
                0x0800927c       0x3c ..\obj\cmdline_functions.o
                0x0800927c                set_RemoteIP
 .text.set_MaskIP
                0x080092b8       0x2c ..\obj\cmdline_functions.o
                0x080092b8                set_MaskIP
 .text.set_Phone
                0x080092e4       0x7c ..\obj\cmdline_functions.o
                0x080092e4                set_Phone
 .text.set_GPS  0x08009360       0xb0 ..\obj\cmdline_functions.o
                0x08009360                set_GPS
 .text.setTime  0x08009410       0x84 ..\obj\cmdline_functions.o
                0x08009410                setTime
 .text.setDate  0x08009494       0x84 ..\obj\cmdline_functions.o
                0x08009494                setDate
 .text.InterlockToggle
                0x08009518       0x50 ..\obj\cmdline_functions.o
                0x08009518                InterlockToggle
 .text.show_ina
                0x08009568       0xb8 ..\obj\cmdline_functions.o
                0x08009568                show_ina
 .text.goSleep  0x08009620       0x54 ..\obj\cmdline_functions.o
                0x08009620                goSleep
 .text.bootloader
                0x08009674       0x58 ..\obj\cmdline_functions.o
                0x08009674                bootloader
 .text.TM_USART_Init
                0x080096cc      0x110 ..\obj\tm_stm32f4_usart.o
                0x080096cc                TM_USART_Init
 .text.TM_USART_Getc
                0x080097dc       0x74 ..\obj\tm_stm32f4_usart.o
                0x080097dc                TM_USART_Getc
 .text.TM_USART_BufferEmpty
                0x08009850       0x34 ..\obj\tm_stm32f4_usart.o
                0x08009850                TM_USART_BufferEmpty
 .text.TM_USART_Puts
                0x08009884       0x5c ..\obj\tm_stm32f4_usart.o
                0x08009884                TM_USART_Puts
 .text.TM_USART_INT_InsertToBuffer
                0x080098e0       0x5c ..\obj\tm_stm32f4_usart.o
                0x080098e0                TM_USART_INT_InsertToBuffer
 .text.TM_USART_InitCustomPinsCallback
                0x0800993c       0x18 ..\obj\tm_stm32f4_usart.o
                0x0800993c                TM_USART_InitCustomPinsCallback
 .text.TM_USART_INT_GetUsart
                0x08009954       0x90 ..\obj\tm_stm32f4_usart.o
                0x08009954                TM_USART_INT_GetUsart
 .text.TM_USART_INT_GetSubPriority
                0x080099e4       0x78 ..\obj\tm_stm32f4_usart.o
                0x080099e4                TM_USART_INT_GetSubPriority
 .text.TM_USART1_InitPins
                0x08009a5c       0x60 ..\obj\tm_stm32f4_usart.o
                0x08009a5c                TM_USART1_InitPins
 .text.TM_USART2_InitPins
                0x08009abc       0x60 ..\obj\tm_stm32f4_usart.o
                0x08009abc                TM_USART2_InitPins
 .text.TM_USART3_InitPins
                0x08009b1c       0x84 ..\obj\tm_stm32f4_usart.o
                0x08009b1c                TM_USART3_InitPins
 .text.TM_UART4_InitPins
                0x08009ba0       0x60 ..\obj\tm_stm32f4_usart.o
                0x08009ba0                TM_UART4_InitPins
 .text.TM_UART5_InitPins
                0x08009c00       0x5c ..\obj\tm_stm32f4_usart.o
                0x08009c00                TM_UART5_InitPins
 .text.TM_USART6_InitPins
                0x08009c5c       0x60 ..\obj\tm_stm32f4_usart.o
                0x08009c5c                TM_USART6_InitPins
 .text.USART1_IRQHandler
                0x08009cbc       0x2c ..\obj\tm_stm32f4_usart.o
                0x08009cbc                USART1_IRQHandler
 .text.USART2_IRQHandler
                0x08009ce8       0x2c ..\obj\tm_stm32f4_usart.o
                0x08009ce8                USART2_IRQHandler
 .text.USART3_IRQHandler
                0x08009d14       0x2c ..\obj\tm_stm32f4_usart.o
                0x08009d14                USART3_IRQHandler
 .text.UART4_IRQHandler
                0x08009d40       0x2c ..\obj\tm_stm32f4_usart.o
                0x08009d40                UART4_IRQHandler
 .text.UART5_IRQHandler
                0x08009d6c       0x2c ..\obj\tm_stm32f4_usart.o
                0x08009d6c                UART5_IRQHandler
 .text.USART6_IRQHandler
                0x08009d98       0x2c ..\obj\tm_stm32f4_usart.o
                0x08009d98                USART6_IRQHandler
 .text.TM_USART_INT_Init
                0x08009dc4      0x18c ..\obj\tm_stm32f4_usart.o
 .text.NVIC_SetPriority
                0x08009f50       0x54 ..\obj\stm32f4x7_eth_bsp.o
 .text.SysTick_Config
                0x08009fa4       0x44 ..\obj\stm32f4x7_eth_bsp.o
 .text.ETH_BSP_Config
                0x08009fe8       0x50 ..\obj\stm32f4x7_eth_bsp.o
                0x08009fe8                ETH_BSP_Config
 .text.ETH_MACDMA_Config
                0x0800a038       0xc8 ..\obj\stm32f4x7_eth_bsp.o
 .text.ETH_GPIO_Config
                0x0800a100      0x124 ..\obj\stm32f4x7_eth_bsp.o
 .text.ADC_Init
                0x0800a224       0xa8 ..\obj\stm32f4xx_adc.o
                0x0800a224                ADC_Init
 .text.ADC_CommonInit
                0x0800a2cc       0x50 ..\obj\stm32f4xx_adc.o
                0x0800a2cc                ADC_CommonInit
 .text.ADC_RegularChannelConfig
                0x0800a31c      0x194 ..\obj\stm32f4xx_adc.o
                0x0800a31c                ADC_RegularChannelConfig
 .text.low_level_init
                0x0800a4b0      0x118 ..\obj\ethernetif.o
 .text.low_level_output
                0x0800a5c8       0x68 ..\obj\ethernetif.o
 .text.low_level_input
                0x0800a630       0xf4 ..\obj\ethernetif.o
 .text.ethernetif_input
                0x0800a724       0x48 ..\obj\ethernetif.o
                0x0800a724                ethernetif_input
 .text.ethernetif_init
                0x0800a76c       0x40 ..\obj\ethernetif.o
                0x0800a76c                ethernetif_init
 .text.free_etharp_q
                0x0800a7ac       0x34 ..\obj\etharp.o
 .text.find_entry
                0x0800a7e0      0x2cc ..\obj\etharp.o
 .text.etharp_send_ip
                0x0800aaac       0x68 ..\obj\etharp.o
 .text.update_arp_entry
                0x0800ab14      0x150 ..\obj\etharp.o
 .text.etharp_ip_input
                0x0800ac64       0x50 ..\obj\etharp.o
                0x0800ac64                etharp_ip_input
 .text.etharp_arp_input
                0x0800acb4      0x1fc ..\obj\etharp.o
                0x0800acb4                etharp_arp_input
 .text.etharp_output
                0x0800aeb0       0xf8 ..\obj\etharp.o
                0x0800aeb0                etharp_output
 .text.etharp_query
                0x0800afa8      0x24c ..\obj\etharp.o
                0x0800afa8                etharp_query
 .text.etharp_raw
                0x0800b1f4      0x148 ..\obj\etharp.o
                0x0800b1f4                etharp_raw
 .text.etharp_request
                0x0800b33c       0x48 ..\obj\etharp.o
                0x0800b33c                etharp_request
 .text.ethernet_input
                0x0800b384       0x88 ..\obj\etharp.o
                0x0800b384                ethernet_input
 .text.TIM2_IRQHandler
                0x0800b40c       0xf8 ..\obj\tm_stm32f4_delay.o
                0x0800b40c                TIM2_IRQHandler
 .text.TM_DELAY_Init
                0x0800b504       0x14 ..\obj\tm_stm32f4_delay.o
                0x0800b504                TM_DELAY_Init
 .text.TM_DELAY_INT_InitTIM
                0x0800b518       0xc0 ..\obj\tm_stm32f4_delay.o
                0x0800b518                TM_DELAY_INT_InitTIM
 .text.Delayms  0x0800b5d8       0x58 ..\obj\SI7021.o
 .text.SI7021_begin
                0x0800b630       0x44 ..\obj\SI7021.o
                0x0800b630                SI7021_begin
 .text.SI7021_getCelsiusPostHumidity
                0x0800b674       0x40 ..\obj\SI7021.o
                0x0800b674                SI7021_getCelsiusPostHumidity
 .text.SI7021_getHumidityBasisPoints
                0x0800b6b4       0x44 ..\obj\SI7021.o
                0x0800b6b4                SI7021_getHumidityBasisPoints
 .text.SI7021_writeReg
                0x0800b6f8       0x24 ..\obj\SI7021.o
                0x0800b6f8                SI7021_writeReg
 .text.SI7021_readReg
                0x0800b71c       0x28 ..\obj\SI7021.o
                0x0800b71c                SI7021_readReg
 *fill*         0x0800b744        0x4 
 .text.SI7021_getHumidityAndTemperature
                0x0800b748       0xac ..\obj\SI7021.o
                0x0800b748                SI7021_getHumidityAndTemperature
 .text.pbuf_alloc
                0x0800b7f4      0x1f0 ..\obj\pbuf.o
                0x0800b7f4                pbuf_alloc
 .text.pbuf_realloc
                0x0800b9e4       0xc8 ..\obj\pbuf.o
                0x0800b9e4                pbuf_realloc
 .text.pbuf_header
                0x0800baac       0xe0 ..\obj\pbuf.o
                0x0800baac                pbuf_header
 .text.pbuf_free
                0x0800bb8c       0xa0 ..\obj\pbuf.o
                0x0800bb8c                pbuf_free
 .text.pbuf_clen
                0x0800bc2c       0x30 ..\obj\pbuf.o
                0x0800bc2c                pbuf_clen
 .text.pbuf_ref
                0x0800bc5c       0x24 ..\obj\pbuf.o
                0x0800bc5c                pbuf_ref
 .text.pbuf_cat
                0x0800bc80       0x5c ..\obj\pbuf.o
                0x0800bc80                pbuf_cat
 .text.pbuf_chain
                0x0800bcdc       0x20 ..\obj\pbuf.o
                0x0800bcdc                pbuf_chain
 .text.pbuf_copy
                0x0800bcfc      0x100 ..\obj\pbuf.o
                0x0800bcfc                pbuf_copy
 .text.pbuf_copy_partial
                0x0800bdfc       0xcc ..\obj\pbuf.o
                0x0800bdfc                pbuf_copy_partial
 .text.pbuf_take
                0x0800bec8       0x9c ..\obj\pbuf.o
                0x0800bec8                pbuf_take
 .text.htons    0x0800bf64       0x2c ..\obj\inet.o
                0x0800bf64                htons
 .text.ntohs    0x0800bf90       0x1c ..\obj\inet.o
                0x0800bf90                ntohs
 .text.htonl    0x0800bfac       0x34 ..\obj\inet.o
                0x0800bfac                htonl
 .text.ntohl    0x0800bfe0       0x18 ..\obj\inet.o
                0x0800bfe0                ntohl
 .text.TM_I2C_Init
                0x0800bff8      0x138 ..\obj\tm_stm32f4_i2c.o
                0x0800bff8                TM_I2C_Init
 .text.TM_I2C_ReadMulti
                0x0800c130       0x80 ..\obj\tm_stm32f4_i2c.o
                0x0800c130                TM_I2C_ReadMulti
 .text.TM_I2C_ReadMultiNoRegister
                0x0800c1b0       0x6c ..\obj\tm_stm32f4_i2c.o
                0x0800c1b0                TM_I2C_ReadMultiNoRegister
 .text.TM_I2C_WriteMulti
                0x0800c21c       0x5c ..\obj\tm_stm32f4_i2c.o
                0x0800c21c                TM_I2C_WriteMulti
 .text.TM_I2C_WriteMultiNoRegister
                0x0800c278       0x54 ..\obj\tm_stm32f4_i2c.o
                0x0800c278                TM_I2C_WriteMultiNoRegister
 .text.TM_I2C_Start
                0x0800c2cc      0x104 ..\obj\tm_stm32f4_i2c.o
                0x0800c2cc                TM_I2C_Start
 .text.TM_I2C_WriteData
                0x0800c3d0       0x4c ..\obj\tm_stm32f4_i2c.o
                0x0800c3d0                TM_I2C_WriteData
 .text.TM_I2C_ReadAck
                0x0800c41c       0x60 ..\obj\tm_stm32f4_i2c.o
                0x0800c41c                TM_I2C_ReadAck
 .text.TM_I2C_ReadNack
                0x0800c47c       0x70 ..\obj\tm_stm32f4_i2c.o
                0x0800c47c                TM_I2C_ReadNack
 .text.TM_I2C_Stop
                0x0800c4ec       0x64 ..\obj\tm_stm32f4_i2c.o
                0x0800c4ec                TM_I2C_Stop
 .text.TM_I2C_IsDeviceConnected
                0x0800c550       0x38 ..\obj\tm_stm32f4_i2c.o
                0x0800c550                TM_I2C_IsDeviceConnected
 .text.TM_I2C_InitCustomPinsCallback
                0x0800c588       0x18 ..\obj\tm_stm32f4_i2c.o
                0x0800c588                TM_I2C_InitCustomPinsCallback
 .text.TM_I2C1_INT_InitPins
                0x0800c5a0       0x78 ..\obj\tm_stm32f4_i2c.o
                0x0800c5a0                TM_I2C1_INT_InitPins
 .text.TM_I2C2_INT_InitPins
                0x0800c618       0x80 ..\obj\tm_stm32f4_i2c.o
                0x0800c618                TM_I2C2_INT_InitPins
 .text.TM_I2C3_INT_InitPins
                0x0800c698       0x7c ..\obj\tm_stm32f4_i2c.o
                0x0800c698                TM_I2C3_INT_InitPins
 .text.netif_add
                0x0800c714       0x90 ..\obj\netif.o
                0x0800c714                netif_add
 .text.netif_set_addr
                0x0800c7a4       0x2c ..\obj\netif.o
                0x0800c7a4                netif_set_addr
 .text.netif_set_ipaddr
                0x0800c7d0       0xac ..\obj\netif.o
                0x0800c7d0                netif_set_ipaddr
 .text.netif_set_gw
                0x0800c87c       0x28 ..\obj\netif.o
                0x0800c87c                netif_set_gw
 .text.netif_set_netmask
                0x0800c8a4       0x28 ..\obj\netif.o
                0x0800c8a4                netif_set_netmask
 .text.netif_set_default
                0x0800c8cc       0x1c ..\obj\netif.o
                0x0800c8cc                netif_set_default
 .text.netif_set_up
                0x0800c8e8       0x48 ..\obj\netif.o
                0x0800c8e8                netif_set_up
 .text.netif_set_down
                0x0800c930       0x34 ..\obj\netif.o
                0x0800c930                netif_set_down
 .text.netif_is_up
                0x0800c964       0x28 ..\obj\netif.o
                0x0800c964                netif_is_up
 .text.GPIO_Init
                0x0800c98c      0x11c ..\obj\stm32f4xx_gpio.o
                0x0800c98c                GPIO_Init
 .text.GPIO_SetBits
                0x0800caa8       0x1c ..\obj\stm32f4xx_gpio.o
                0x0800caa8                GPIO_SetBits
 .text.GPIO_ResetBits
                0x0800cac4       0x1c ..\obj\stm32f4xx_gpio.o
                0x0800cac4                GPIO_ResetBits
 .text.GPIO_PinAFConfig
                0x0800cae0       0x90 ..\obj\stm32f4xx_gpio.o
                0x0800cae0                GPIO_PinAFConfig
 .text.SystemInit
                0x0800cb70       0x68 ..\obj\system_stm32f4xx.o
                0x0800cb70                SystemInit
 .text.SetSysClock
                0x0800cbd8       0xf4 ..\obj\system_stm32f4xx.o
 .text._sbrk    0x0800cccc       0x40 ..\obj\syscalls.o
                0x0800cccc                _sbrk
 .text._close   0x0800cd0c       0x18 ..\obj\syscalls.o
                0x0800cd0c                _close
 .text._fstat   0x0800cd24       0x20 ..\obj\syscalls.o
                0x0800cd24                _fstat
 .text._isatty  0x0800cd44       0x18 ..\obj\syscalls.o
                0x0800cd44                _isatty
 .text._lseek   0x0800cd5c       0x1c ..\obj\syscalls.o
                0x0800cd5c                _lseek
 .text._read    0x0800cd78       0x1c ..\obj\syscalls.o
                0x0800cd78                _read
 .text._write   0x0800cd94       0x50 ..\obj\syscalls.o
                0x0800cd94                _write
 .text.TM_RTC_Init
                0x0800cde4      0x108 ..\obj\tm_stm32f4_rtc.o
                0x0800cde4                TM_RTC_Init
 .text.TM_RTC_SetDateTime
                0x0800ceec      0x284 ..\obj\tm_stm32f4_rtc.o
                0x0800ceec                TM_RTC_SetDateTime
 .text.TM_RTC_GetDateTime
                0x0800d170       0xa0 ..\obj\tm_stm32f4_rtc.o
                0x0800d170                TM_RTC_GetDateTime
 .text.TM_RTC_Config
                0x0800d210       0x6c ..\obj\tm_stm32f4_rtc.o
                0x0800d210                TM_RTC_Config
 .text.TM_RTC_Interrupts
                0x0800d27c      0x140 ..\obj\tm_stm32f4_rtc.o
                0x0800d27c                TM_RTC_Interrupts
 .text.TM_RTC_GetUnixTimeStamp
                0x0800d3bc      0x170 ..\obj\tm_stm32f4_rtc.o
                0x0800d3bc                TM_RTC_GetUnixTimeStamp
 .text.TM_RTC_RequestHandler
                0x0800d52c        0xc ..\obj\tm_stm32f4_rtc.o
                0x0800d52c                TM_RTC_RequestHandler
 .text.TM_RTC_AlarmAHandler
                0x0800d538        0xc ..\obj\tm_stm32f4_rtc.o
                0x0800d538                TM_RTC_AlarmAHandler
 .text.TM_RTC_AlarmBHandler
                0x0800d544        0xc ..\obj\tm_stm32f4_rtc.o
                0x0800d544                TM_RTC_AlarmBHandler
 .text.RTC_WKUP_IRQHandler
                0x0800d550       0x2c ..\obj\tm_stm32f4_rtc.o
                0x0800d550                RTC_WKUP_IRQHandler
 .text.RTC_Alarm_IRQHandler
                0x0800d57c       0x48 ..\obj\tm_stm32f4_rtc.o
                0x0800d57c                RTC_Alarm_IRQHandler
 .text.Delay    0x0800d5c4       0x3c ..\obj\utilities_new.o
 .text.Delayms  0x0800d600       0x58 ..\obj\utilities_new.o
 .text.GC_GPS_GPIO_Config
                0x0800d658       0x5c ..\obj\utilities_new.o
                0x0800d658                GC_GPS_GPIO_Config
 .text.SFP_GPIO_Config
                0x0800d6b4       0x40 ..\obj\utilities_new.o
                0x0800d6b4                SFP_GPIO_Config
 .text.GSM_GPIO_Config
                0x0800d6f4       0x74 ..\obj\utilities_new.o
                0x0800d6f4                GSM_GPIO_Config
 .text.PHY_GPIO_Config
                0x0800d768       0x40 ..\obj\utilities_new.o
                0x0800d768                PHY_GPIO_Config
 .text.GC_BatVoltage
                0x0800d7a8       0xc8 ..\obj\utilities_new.o
                0x0800d7a8                GC_BatVoltage
 .text.GC_CheckPosition
                0x0800d870       0x9c ..\obj\utilities_new.o
                0x0800d870                GC_CheckPosition
 .text.isLaserOn
                0x0800d90c       0x3c ..\obj\utilities_new.o
                0x0800d90c                isLaserOn
 .text.parseIP  0x0800d948       0x68 ..\obj\utilities_new.o
                0x0800d948                parseIP
 .text.loadIP   0x0800d9b0       0xa0 ..\obj\utilities_new.o
                0x0800d9b0                loadIP
 .text.loadIPaddress
                0x0800da50       0x34 ..\obj\utilities_new.o
                0x0800da50                loadIPaddress
 .text.bkpram   0x0800da84       0xec ..\obj\utilities_new.o
                0x0800da84                bkpram
 .text.config   0x0800db70      0x17c ..\obj\utilities_new.o
                0x0800db70                config
 .text.conf_load
                0x0800dcec       0xc4 ..\obj\utilities_new.o
                0x0800dcec                conf_load
 .text.dev_control
                0x0800ddb0      0x21c ..\obj\utilities_new.o
                0x0800ddb0                dev_control
 .text.udp_input
                0x0800dfcc      0x2c0 ..\obj\udp.o
                0x0800dfcc                udp_input
 .text.udp_send
                0x0800e28c       0x24 ..\obj\udp.o
                0x0800e28c                udp_send
 .text.udp_sendto
                0x0800e2b0       0x40 ..\obj\udp.o
                0x0800e2b0                udp_sendto
 .text.udp_sendto_if
                0x0800e2f0      0x168 ..\obj\udp.o
                0x0800e2f0                udp_sendto_if
 .text.udp_bind
                0x0800e458       0xc0 ..\obj\udp.o
                0x0800e458                udp_bind
 .text.udp_connect
                0x0800e518       0x9c ..\obj\udp.o
                0x0800e518                udp_connect
 .text.udp_recv
                0x0800e5b4       0x24 ..\obj\udp.o
                0x0800e5b4                udp_recv
 .text.udp_remove
                0x0800e5d8       0x60 ..\obj\udp.o
                0x0800e5d8                udp_remove
 .text.udp_new  0x0800e638       0x30 ..\obj\udp.o
                0x0800e638                udp_new
 .text.ip_route
                0x0800e668       0x70 ..\obj\ip.o
                0x0800e668                ip_route
 .text.ip_input
                0x0800e6d8      0x278 ..\obj\ip.o
                0x0800e6d8                ip_input
 .text.ip_output_if
                0x0800e950      0x194 ..\obj\ip.o
                0x0800e950                ip_output_if
 .text.ip_output
                0x0800eae4       0x4c ..\obj\ip.o
                0x0800eae4                ip_output
 .text.I2C_DeInit
                0x0800eb30       0x74 ..\obj\stm32f4xx_i2c.o
                0x0800eb30                I2C_DeInit
 .text.I2C_Init
                0x0800eba4      0x184 ..\obj\stm32f4xx_i2c.o
                0x0800eba4                I2C_Init
 .text.I2C_CheckEvent
                0x0800ed28       0x60 ..\obj\stm32f4xx_i2c.o
                0x0800ed28                I2C_CheckEvent
 .text.EXTI_Init
                0x0800ed88       0xe4 ..\obj\stm32f4xx_exti.o
                0x0800ed88                EXTI_Init
 .text.icmp_input
                0x0800ee6c      0x200 ..\obj\icmp.o
                0x0800ee6c                icmp_input
 .text.icmp_dest_unreach
                0x0800f06c       0x20 ..\obj\icmp.o
                0x0800f06c                icmp_dest_unreach
 .text.icmp_time_exceeded
                0x0800f08c       0x20 ..\obj\icmp.o
                0x0800f08c                icmp_time_exceeded
 .text.icmp_send_response
                0x0800f0ac       0xa8 ..\obj\icmp.o
 .text.NVIC_Init
                0x0800f154       0xc0 ..\obj\misc.o
                0x0800f154                NVIC_Init
 .text.SysTick_CLKSourceConfig
                0x0800f214       0x38 ..\obj\misc.o
                0x0800f214                SysTick_CLKSourceConfig
 .text.dhcp_arp_reply
                0x0800f24c       0x40 ..\obj\dhcp.o
                0x0800f24c                dhcp_arp_reply
 .text.dhcp_decline
                0x0800f28c       0xd4 ..\obj\dhcp.o
 .text.dhcp_set_state
                0x0800f360       0x2c ..\obj\dhcp.o
 .text.dhcp_option
                0x0800f38c       0x4c ..\obj\dhcp.o
 .text.dhcp_option_byte
                0x0800f3d8       0x30 ..\obj\dhcp.o
 .text.dhcp_option_long
                0x0800f408       0x98 ..\obj\dhcp.o
 .text.dhcp_create_request
                0x0800f4a0      0x1e8 ..\obj\dhcp.o
 .text.dhcp_delete_request
                0x0800f688       0x44 ..\obj\dhcp.o
 .text.dhcp_option_trailer
                0x0800f6cc       0x60 ..\obj\dhcp.o
 .text.TM_LOWPOWER_Standby
                0x0800f72c       0x10 ..\obj\tm_stm32f4_low_power.o
                0x0800f72c                TM_LOWPOWER_Standby
 .text.TM_GPIO_Init
                0x0800f73c       0x44 ..\obj\tm_stm32f4_gpio.o
                0x0800f73c                TM_GPIO_Init
 .text.TM_GPIO_InitAlternate
                0x0800f780       0xa8 ..\obj\tm_stm32f4_gpio.o
                0x0800f780                TM_GPIO_InitAlternate
 .text.TM_GPIO_GetPortSource
                0x0800f828       0x24 ..\obj\tm_stm32f4_gpio.o
                0x0800f828                TM_GPIO_GetPortSource
 .text.TM_GPIO_INT_EnableClock
                0x0800f84c       0x2c ..\obj\tm_stm32f4_gpio.o
                0x0800f84c                TM_GPIO_INT_EnableClock
 .text.TM_GPIO_INT_Init
                0x0800f878      0x10c ..\obj\tm_stm32f4_gpio.o
                0x0800f878                TM_GPIO_INT_Init
 .text.RTC_Init
                0x0800f984       0x78 ..\obj\stm32f4xx_rtc.o
                0x0800f984                RTC_Init
 .text.RTC_EnterInitMode
                0x0800f9fc       0x74 ..\obj\stm32f4xx_rtc.o
                0x0800f9fc                RTC_EnterInitMode
 .text.RTC_ExitInitMode
                0x0800fa70       0x1c ..\obj\stm32f4xx_rtc.o
                0x0800fa70                RTC_ExitInitMode
 .text.RTC_WaitForSynchro
                0x0800fa8c       0x78 ..\obj\stm32f4xx_rtc.o
                0x0800fa8c                RTC_WaitForSynchro
 .text.RTC_SetTime
                0x0800fb04      0x114 ..\obj\stm32f4xx_rtc.o
                0x0800fb04                RTC_SetTime
 .text.RTC_GetTime
                0x0800fc18       0x9c ..\obj\stm32f4xx_rtc.o
                0x0800fc18                RTC_GetTime
 .text.RTC_SetDate
                0x0800fcb4      0x120 ..\obj\stm32f4xx_rtc.o
                0x0800fcb4                RTC_SetDate
 .text.RTC_GetDate
                0x0800fdd4       0x9c ..\obj\stm32f4xx_rtc.o
                0x0800fdd4                RTC_GetDate
 .text.RTC_WakeUpClockConfig
                0x0800fe70       0x40 ..\obj\stm32f4xx_rtc.o
                0x0800fe70                RTC_WakeUpClockConfig
 .text.RTC_SetWakeUpCounter
                0x0800feb0       0x30 ..\obj\stm32f4xx_rtc.o
                0x0800feb0                RTC_SetWakeUpCounter
 .text.RTC_WakeUpCmd
                0x0800fee0       0x94 ..\obj\stm32f4xx_rtc.o
                0x0800fee0                RTC_WakeUpCmd
 .text.RTC_WriteBackupRegister
                0x0800ff74       0x34 ..\obj\stm32f4xx_rtc.o
                0x0800ff74                RTC_WriteBackupRegister
 .text.RTC_ReadBackupRegister
                0x0800ffa8       0x30 ..\obj\stm32f4xx_rtc.o
                0x0800ffa8                RTC_ReadBackupRegister
 .text.RTC_ITConfig
                0x0800ffd8       0x78 ..\obj\stm32f4xx_rtc.o
                0x0800ffd8                RTC_ITConfig
 .text.RTC_GetITStatus
                0x08010050       0x68 ..\obj\stm32f4xx_rtc.o
                0x08010050                RTC_GetITStatus
 .text.RTC_ClearITPendingBit
                0x080100b8       0x38 ..\obj\stm32f4xx_rtc.o
                0x080100b8                RTC_ClearITPendingBit
 .text.RTC_ByteToBcd2
                0x080100f0       0x3c ..\obj\stm32f4xx_rtc.o
 .text.RTC_Bcd2ToByte
                0x0801012c       0x38 ..\obj\stm32f4xx_rtc.o
 .text.TM_TIMER_PROPERTIES_GetTimerProperties
                0x08010164      0x100 ..\obj\tm_stm32f4_timer_properties.o
                0x08010164                TM_TIMER_PROPERTIES_GetTimerProperties
 .text.TM_TIMER_PROPERTIES_GenerateDataForWorkingFrequency
                0x08010264      0x128 ..\obj\tm_stm32f4_timer_properties.o
                0x08010264                TM_TIMER_PROPERTIES_GenerateDataForWorkingFrequency
 .text.TM_TIMER_PROPERTIES_EnableClock
                0x0801038c      0x168 ..\obj\tm_stm32f4_timer_properties.o
                0x0801038c                TM_TIMER_PROPERTIES_EnableClock
 .text.TIM_TimeBaseInit
                0x080104f4       0xd4 ..\obj\stm32f4xx_tim.o
                0x080104f4                TIM_TimeBaseInit
 .text.tcp_output_set_header
                0x080105c8       0xec ..\obj\tcp_out.o
 .text.tcp_send_ctrl
                0x080106b4       0x2c ..\obj\tcp_out.o
                0x080106b4                tcp_send_ctrl
 .text.tcp_enqueue
                0x080106e0      0x5b4 ..\obj\tcp_out.o
                0x080106e0                tcp_enqueue
 .text.tcp_send_empty_ack
                0x08010c94       0x84 ..\obj\tcp_out.o
                0x08010c94                tcp_send_empty_ack
 .text.tcp_output
                0x08010d18      0x2d4 ..\obj\tcp_out.o
                0x08010d18                tcp_output
 .text.tcp_output_segment
                0x08010fec      0x144 ..\obj\tcp_out.o
 .text.tcp_rst  0x08011130       0xf0 ..\obj\tcp_out.o
                0x08011130                tcp_rst
 .text.tcp_rexmit
                0x08011220       0x84 ..\obj\tcp_out.o
                0x08011220                tcp_rexmit
 .text.tcp_rexmit_fast
                0x080112a4       0xac ..\obj\tcp_out.o
                0x080112a4                tcp_rexmit_fast
 .text.raw_input
                0x08011350       0xac ..\obj\raw.o
                0x08011350                raw_input
 *fill*         0x080113fc        0x4 
 .text.ceil     0x08011400      0x118 c:/gcc_arm/49/bin/../lib/gcc/arm-none-eabi/4.9.3/../../../../arm-none-eabi/lib/armv7e-m/fpu\libm.a(lib_a-s_ceil.o)
                0x08011400                ceil
 .text.pow      0x08011518      0x340 c:/gcc_arm/49/bin/../lib/gcc/arm-none-eabi/4.9.3/../../../../arm-none-eabi/lib/armv7e-m/fpu\libm.a(lib_a-w_pow.o)
                0x08011518                pow
 .text.log10f   0x08011858      0x100 c:/gcc_arm/49/bin/../lib/gcc/arm-none-eabi/4.9.3/../../../../arm-none-eabi/lib/armv7e-m/fpu\libm.a(lib_a-wf_log10.o)
                0x08011858                log10f
 .text.__ieee754_pow
                0x08011958      0xae0 c:/gcc_arm/49/bin/../lib/gcc/arm-none-eabi/4.9.3/../../../../arm-none-eabi/lib/armv7e-m/fpu\libm.a(lib_a-e_pow.o)
                0x08011958                __ieee754_pow
 .text.__ieee754_sqrt
                0x08012438      0x1a8 c:/gcc_arm/49/bin/../lib/gcc/arm-none-eabi/4.9.3/../../../../arm-none-eabi/lib/armv7e-m/fpu\libm.a(lib_a-e_sqrt.o)
                0x08012438                __ieee754_sqrt
 .text.__ieee754_log10f
                0x080125e0       0xe0 c:/gcc_arm/49/bin/../lib/gcc/arm-none-eabi/4.9.3/../../../../arm-none-eabi/lib/armv7e-m/fpu\libm.a(lib_a-ef_log10.o)
                0x080125e0                __ieee754_log10f
 .text.fabs     0x080126c0       0x10 c:/gcc_arm/49/bin/../lib/gcc/arm-none-eabi/4.9.3/../../../../arm-none-eabi/lib/armv7e-m/fpu\libm.a(lib_a-s_fabs.o)
                0x080126c0                fabs
 .text.finite   0x080126d0       0x10 c:/gcc_arm/49/bin/../lib/gcc/arm-none-eabi/4.9.3/../../../../arm-none-eabi/lib/armv7e-m/fpu\libm.a(lib_a-s_finite.o)
                0x080126d0                finite
 .text.__fpclassifyd
                0x080126e0       0x5c c:/gcc_arm/49/bin/../lib/gcc/arm-none-eabi/4.9.3/../../../../arm-none-eabi/lib/armv7e-m/fpu\libm.a(lib_a-s_fpclassify.o)
                0x080126e0                __fpclassifyd
 .text.matherr  0x0801273c        0x4 c:/gcc_arm/49/bin/../lib/gcc/arm-none-eabi/4.9.3/../../../../arm-none-eabi/lib/armv7e-m/fpu\libm.a(lib_a-s_matherr.o)
                0x0801273c                matherr
 .text.nan      0x08012740       0x10 c:/gcc_arm/49/bin/../lib/gcc/arm-none-eabi/4.9.3/../../../../arm-none-eabi/lib/armv7e-m/fpu\libm.a(lib_a-s_nan.o)
                0x08012740                nan
 .text.rint     0x08012750      0x124 c:/gcc_arm/49/bin/../lib/gcc/arm-none-eabi/4.9.3/../../../../arm-none-eabi/lib/armv7e-m/fpu\libm.a(lib_a-s_rint.o)
                0x08012750                rint
 *fill*         0x08012874        0x4 
 .text.scalbn   0x08012878      0x104 c:/gcc_arm/49/bin/../lib/gcc/arm-none-eabi/4.9.3/../../../../arm-none-eabi/lib/armv7e-m/fpu\libm.a(lib_a-s_scalbn.o)
                0x08012878                scalbn
 .text.__fpclassifyf
                0x0801297c       0x38 c:/gcc_arm/49/bin/../lib/gcc/arm-none-eabi/4.9.3/../../../../arm-none-eabi/lib/armv7e-m/fpu\libm.a(lib_a-sf_fpclassify.o)
                0x0801297c                __fpclassifyf
 .text.__ieee754_logf
                0x080129b4      0x218 c:/gcc_arm/49/bin/../lib/gcc/arm-none-eabi/4.9.3/../../../../arm-none-eabi/lib/armv7e-m/fpu\libm.a(lib_a-ef_log.o)
                0x080129b4                __ieee754_logf
 .text.copysign
                0x08012bcc       0x1c c:/gcc_arm/49/bin/../lib/gcc/arm-none-eabi/4.9.3/../../../../arm-none-eabi/lib/armv7e-m/fpu\libm.a(lib_a-s_copysign.o)
                0x08012bcc                copysign
 .text          0x08012be8      0x370 c:/gcc_arm/49/bin/../lib/gcc/arm-none-eabi/4.9.3/armv7e-m/fpu\libgcc.a(_arm_addsubdf3.o)
                0x08012be8                __aeabi_drsub
                0x08012bf0                __aeabi_dsub
                0x08012bf0                __subdf3
                0x08012bf4                __aeabi_dadd
                0x08012bf4                __adddf3
                0x08012e6c                __floatunsidf
                0x08012e6c                __aeabi_ui2d
                0x08012e8c                __floatsidf
                0x08012e8c                __aeabi_i2d
                0x08012eb0                __aeabi_f2d
                0x08012eb0                __extendsfdf2
                0x08012eec                __floatundidf
                0x08012eec                __aeabi_ul2d
                0x08012efc                __floatdidf
                0x08012efc                __aeabi_l2d
 .text          0x08012f58      0x424 c:/gcc_arm/49/bin/../lib/gcc/arm-none-eabi/4.9.3/armv7e-m/fpu\libgcc.a(_arm_muldivdf3.o)
                0x08012f58                __aeabi_dmul
                0x08012f58                __muldf3
                0x080131ac                __divdf3
                0x080131ac                __aeabi_ddiv
 .text          0x0801337c      0x110 c:/gcc_arm/49/bin/../lib/gcc/arm-none-eabi/4.9.3/armv7e-m/fpu\libgcc.a(_arm_cmpdf2.o)
                0x0801337c                __gtdf2
                0x0801337c                __gedf2
                0x08013384                __ltdf2
                0x08013384                __ledf2
                0x0801338c                __nedf2
                0x0801338c                __eqdf2
                0x0801338c                __cmpdf2
                0x08013408                __aeabi_cdrcmple
                0x08013418                __aeabi_cdcmpeq
                0x08013418                __aeabi_cdcmple
                0x08013428                __aeabi_dcmpeq
                0x0801343c                __aeabi_dcmplt
                0x08013450                __aeabi_dcmple
                0x08013464                __aeabi_dcmpge
                0x08013478                __aeabi_dcmpgt
 .text          0x0801348c       0x50 c:/gcc_arm/49/bin/../lib/gcc/arm-none-eabi/4.9.3/armv7e-m/fpu\libgcc.a(_arm_fixdfsi.o)
                0x0801348c                __aeabi_d2iz
                0x0801348c                __fixdfsi
 .text          0x080134dc       0x40 c:/gcc_arm/49/bin/../lib/gcc/arm-none-eabi/4.9.3/armv7e-m/fpu\libgcc.a(_arm_fixunsdfsi.o)
                0x080134dc                __aeabi_d2uiz
                0x080134dc                __fixunsdfsi
 .text          0x0801351c       0xa0 c:/gcc_arm/49/bin/../lib/gcc/arm-none-eabi/4.9.3/armv7e-m/fpu\libgcc.a(_arm_truncdfsf2.o)
                0x0801351c                __truncdfsf2
                0x0801351c                __aeabi_d2f
 .text.atoi     0x080135bc        0x8 c:/gcc_arm/49/bin/../lib/gcc/arm-none-eabi/4.9.3/../../../../arm-none-eabi/lib/armv7e-m/fpu\libg.a(lib_a-atoi.o)
                0x080135bc                atoi
 .text.__errno  0x080135c4        0xc c:/gcc_arm/49/bin/../lib/gcc/arm-none-eabi/4.9.3/../../../../arm-none-eabi/lib/armv7e-m/fpu\libg.a(lib_a-errno.o)
                0x080135c4                __errno
 .text.malloc   0x080135d0       0x10 c:/gcc_arm/49/bin/../lib/gcc/arm-none-eabi/4.9.3/../../../../arm-none-eabi/lib/armv7e-m/fpu\libg.a(lib_a-malloc.o)
                0x080135d0                malloc
 .text.free     0x080135e0       0x10 c:/gcc_arm/49/bin/../lib/gcc/arm-none-eabi/4.9.3/../../../../arm-none-eabi/lib/armv7e-m/fpu\libg.a(lib_a-malloc.o)
                0x080135e0                free
 .text._malloc_r
                0x080135f0      0x524 c:/gcc_arm/49/bin/../lib/gcc/arm-none-eabi/4.9.3/../../../../arm-none-eabi/lib/armv7e-m/fpu\libg.a(lib_a-mallocr.o)
                0x080135f0                _malloc_r
 .text.memcmp   0x08013b14       0x64 c:/gcc_arm/49/bin/../lib/gcc/arm-none-eabi/4.9.3/../../../../arm-none-eabi/lib/armv7e-m/fpu\libg.a(lib_a-memcmp.o)
                0x08013b14                memcmp
 .text          0x08013b78      0x134 c:/gcc_arm/49/bin/../lib/gcc/arm-none-eabi/4.9.3/../../../../arm-none-eabi/lib/armv7e-m/fpu\libg.a(lib_a-memcpy.o)
                0x08013b78                memcpy
 .text.memset   0x08013cac       0x9c c:/gcc_arm/49/bin/../lib/gcc/arm-none-eabi/4.9.3/../../../../arm-none-eabi/lib/armv7e-m/fpu\libg.a(lib_a-memset.o)
                0x08013cac                memset
 .text.__malloc_lock
                0x08013d48        0x4 c:/gcc_arm/49/bin/../lib/gcc/arm-none-eabi/4.9.3/../../../../arm-none-eabi/lib/armv7e-m/fpu\libg.a(lib_a-mlock.o)
                0x08013d48                __malloc_lock
 .text.__malloc_unlock
                0x08013d4c        0x4 c:/gcc_arm/49/bin/../lib/gcc/arm-none-eabi/4.9.3/../../../../arm-none-eabi/lib/armv7e-m/fpu\libg.a(lib_a-mlock.o)
                0x08013d4c                __malloc_unlock
 .text.printf   0x08013d50       0x28 c:/gcc_arm/49/bin/../lib/gcc/arm-none-eabi/4.9.3/../../../../arm-none-eabi/lib/armv7e-m/fpu\libg.a(lib_a-printf.o)
                0x08013d50                printf
 .text.putchar  0x08013d78       0x14 c:/gcc_arm/49/bin/../lib/gcc/arm-none-eabi/4.9.3/../../../../arm-none-eabi/lib/armv7e-m/fpu\libg.a(lib_a-putchar.o)
                0x08013d78                putchar
 .text._puts_r  0x08013d8c       0x64 c:/gcc_arm/49/bin/../lib/gcc/arm-none-eabi/4.9.3/../../../../arm-none-eabi/lib/armv7e-m/fpu\libg.a(lib_a-puts.o)
                0x08013d8c                _puts_r
 .text.puts     0x08013df0       0x10 c:/gcc_arm/49/bin/../lib/gcc/arm-none-eabi/4.9.3/../../../../arm-none-eabi/lib/armv7e-m/fpu\libg.a(lib_a-puts.o)
                0x08013df0                puts
 .text._sbrk_r  0x08013e00       0x24 c:/gcc_arm/49/bin/../lib/gcc/arm-none-eabi/4.9.3/../../../../arm-none-eabi/lib/armv7e-m/fpu\libg.a(lib_a-sbrkr.o)
                0x08013e00                _sbrk_r
 .text.sprintf  0x08013e24       0x4c c:/gcc_arm/49/bin/../lib/gcc/arm-none-eabi/4.9.3/../../../../arm-none-eabi/lib/armv7e-m/fpu\libg.a(lib_a-sprintf.o)
                0x08013e24                sprintf
 .text.strcat   0x08013e70       0x40 c:/gcc_arm/49/bin/../lib/gcc/arm-none-eabi/4.9.3/../../../../arm-none-eabi/lib/armv7e-m/fpu\libg.a(lib_a-strcat.o)
                0x08013e70                strcat
 .text.strcpy   0x08013eb0       0xbc c:/gcc_arm/49/bin/../lib/gcc/arm-none-eabi/4.9.3/../../../../arm-none-eabi/lib/armv7e-m/fpu\libg.a(lib_a-strcpy.o)
                0x08013eb0                strcpy
 .text.strlen   0x08013f6c       0x5c c:/gcc_arm/49/bin/../lib/gcc/arm-none-eabi/4.9.3/../../../../arm-none-eabi/lib/armv7e-m/fpu\libg.a(lib_a-strlen.o)
                0x08013f6c                strlen
 .text.strncmp  0x08013fc8       0x98 c:/gcc_arm/49/bin/../lib/gcc/arm-none-eabi/4.9.3/../../../../arm-none-eabi/lib/armv7e-m/fpu\libg.a(lib_a-strncmp.o)
                0x08013fc8                strncmp
 .text.strncpy  0x08014060       0x68 c:/gcc_arm/49/bin/../lib/gcc/arm-none-eabi/4.9.3/../../../../arm-none-eabi/lib/armv7e-m/fpu\libg.a(lib_a-strncpy.o)
                0x08014060                strncpy
 .text.critical_factorization
                0x080140c8       0xb8 c:/gcc_arm/49/bin/../lib/gcc/arm-none-eabi/4.9.3/../../../../arm-none-eabi/lib/armv7e-m/fpu\libg.a(lib_a-strstr.o)
 .text.two_way_long_needle
                0x08014180      0x1f8 c:/gcc_arm/49/bin/../lib/gcc/arm-none-eabi/4.9.3/../../../../arm-none-eabi/lib/armv7e-m/fpu\libg.a(lib_a-strstr.o)
 .text.strstr   0x08014378      0x220 c:/gcc_arm/49/bin/../lib/gcc/arm-none-eabi/4.9.3/../../../../arm-none-eabi/lib/armv7e-m/fpu\libg.a(lib_a-strstr.o)
                0x08014378                strstr
 .text.strtok   0x08014598       0x10 c:/gcc_arm/49/bin/../lib/gcc/arm-none-eabi/4.9.3/../../../../arm-none-eabi/lib/armv7e-m/fpu\libg.a(lib_a-strtok.o)
                0x08014598                strtok
 .text.__strtok_r
                0x080145a8       0x64 c:/gcc_arm/49/bin/../lib/gcc/arm-none-eabi/4.9.3/../../../../arm-none-eabi/lib/armv7e-m/fpu\libg.a(lib_a-strtok_r.o)
                0x080145a8                __strtok_r
 .text._strtol_r
                0x0801460c      0x11c c:/gcc_arm/49/bin/../lib/gcc/arm-none-eabi/4.9.3/../../../../arm-none-eabi/lib/armv7e-m/fpu\libg.a(lib_a-strtol.o)
                0x0801460c                _strtol_r
 .text.strtol   0x08014728       0x18 c:/gcc_arm/49/bin/../lib/gcc/arm-none-eabi/4.9.3/../../../../arm-none-eabi/lib/armv7e-m/fpu\libg.a(lib_a-strtol.o)
                0x08014728                strtol
 .text._svfprintf_r
                0x08014740     0x14cc c:/gcc_arm/49/bin/../lib/gcc/arm-none-eabi/4.9.3/../../../../arm-none-eabi/lib/armv7e-m/fpu\libg.a(lib_a-svfprintf.o)
                0x08014740                _svfprintf_r
 *fill*         0x08015c0c        0x4 
 .text._vfprintf_r
                0x08015c10     0x1424 c:/gcc_arm/49/bin/../lib/gcc/arm-none-eabi/4.9.3/../../../../arm-none-eabi/lib/armv7e-m/fpu\libg.a(lib_a-vfprintf.o)
                0x08015c10                _vfprintf_r
 .text.__sbprintf
                0x08017034       0x78 c:/gcc_arm/49/bin/../lib/gcc/arm-none-eabi/4.9.3/../../../../arm-none-eabi/lib/armv7e-m/fpu\libg.a(lib_a-vfprintf.o)
 .text.__swsetup_r
                0x080170ac       0xc4 c:/gcc_arm/49/bin/../lib/gcc/arm-none-eabi/4.9.3/../../../../arm-none-eabi/lib/armv7e-m/fpu\libg.a(lib_a-wsetup.o)
                0x080170ac                __swsetup_r
 .text.quorem   0x08017170      0x12c c:/gcc_arm/49/bin/../lib/gcc/arm-none-eabi/4.9.3/../../../../arm-none-eabi/lib/armv7e-m/fpu\libg.a(lib_a-dtoa.o)
 *fill*         0x0801729c        0x4 
 .text._dtoa_r  0x080172a0      0xea4 c:/gcc_arm/49/bin/../lib/gcc/arm-none-eabi/4.9.3/../../../../arm-none-eabi/lib/armv7e-m/fpu\libg.a(lib_a-dtoa.o)
                0x080172a0                _dtoa_r
 .text.__sflush_r
                0x08018144      0x154 c:/gcc_arm/49/bin/../lib/gcc/arm-none-eabi/4.9.3/../../../../arm-none-eabi/lib/armv7e-m/fpu\libg.a(lib_a-fflush.o)
                0x08018144                __sflush_r
 .text._fflush_r
                0x08018298       0x2c c:/gcc_arm/49/bin/../lib/gcc/arm-none-eabi/4.9.3/../../../../arm-none-eabi/lib/armv7e-m/fpu\libg.a(lib_a-fflush.o)
                0x08018298                _fflush_r
 .text._cleanup_r
                0x080182c4        0xc c:/gcc_arm/49/bin/../lib/gcc/arm-none-eabi/4.9.3/../../../../arm-none-eabi/lib/armv7e-m/fpu\libg.a(lib_a-findfp.o)
                0x080182c4                _cleanup_r
 .text.__sinit.part.1
                0x080182d0       0xf0 c:/gcc_arm/49/bin/../lib/gcc/arm-none-eabi/4.9.3/../../../../arm-none-eabi/lib/armv7e-m/fpu\libg.a(lib_a-findfp.o)
 .text.__sinit  0x080183c0        0xc c:/gcc_arm/49/bin/../lib/gcc/arm-none-eabi/4.9.3/../../../../arm-none-eabi/lib/armv7e-m/fpu\libg.a(lib_a-findfp.o)
                0x080183c0                __sinit
 .text.__sfp_lock_acquire
                0x080183cc        0x4 c:/gcc_arm/49/bin/../lib/gcc/arm-none-eabi/4.9.3/../../../../arm-none-eabi/lib/armv7e-m/fpu\libg.a(lib_a-findfp.o)
                0x080183cc                __sfp_lock_acquire
 .text.__sfp_lock_release
                0x080183d0        0x4 c:/gcc_arm/49/bin/../lib/gcc/arm-none-eabi/4.9.3/../../../../arm-none-eabi/lib/armv7e-m/fpu\libg.a(lib_a-findfp.o)
                0x080183d0                __sfp_lock_release
 .text._malloc_trim_r
                0x080183d4       0x9c c:/gcc_arm/49/bin/../lib/gcc/arm-none-eabi/4.9.3/../../../../arm-none-eabi/lib/armv7e-m/fpu\libg.a(lib_a-freer.o)
                0x080183d4                _malloc_trim_r
 .text._free_r  0x08018470      0x1b0 c:/gcc_arm/49/bin/../lib/gcc/arm-none-eabi/4.9.3/../../../../arm-none-eabi/lib/armv7e-m/fpu\libg.a(lib_a-freer.o)
                0x08018470                _free_r
 .text.__sfvwrite_r
                0x08018620      0x318 c:/gcc_arm/49/bin/../lib/gcc/arm-none-eabi/4.9.3/../../../../arm-none-eabi/lib/armv7e-m/fpu\libg.a(lib_a-fvwrite.o)
                0x08018620                __sfvwrite_r
 .text._fwalk_reent
                0x08018938       0x54 c:/gcc_arm/49/bin/../lib/gcc/arm-none-eabi/4.9.3/../../../../arm-none-eabi/lib/armv7e-m/fpu\libg.a(lib_a-fwalk.o)
                0x08018938                _fwalk_reent
 .text.__locale_charset
                0x0801898c        0x8 c:/gcc_arm/49/bin/../lib/gcc/arm-none-eabi/4.9.3/../../../../arm-none-eabi/lib/armv7e-m/fpu\libg.a(lib_a-locale.o)
                0x0801898c                __locale_charset
 .text.__locale_mb_cur_max
                0x08018994        0xc c:/gcc_arm/49/bin/../lib/gcc/arm-none-eabi/4.9.3/../../../../arm-none-eabi/lib/armv7e-m/fpu\libg.a(lib_a-locale.o)
                0x08018994                __locale_mb_cur_max
 .text._localeconv_r
                0x080189a0        0x8 c:/gcc_arm/49/bin/../lib/gcc/arm-none-eabi/4.9.3/../../../../arm-none-eabi/lib/armv7e-m/fpu\libg.a(lib_a-locale.o)
                0x080189a0                _localeconv_r
 .text.__smakebuf_r
                0x080189a8       0xe0 c:/gcc_arm/49/bin/../lib/gcc/arm-none-eabi/4.9.3/../../../../arm-none-eabi/lib/armv7e-m/fpu\libg.a(lib_a-makebuf.o)
                0x080189a8                __smakebuf_r
 .text.memchr   0x08018a88       0x94 c:/gcc_arm/49/bin/../lib/gcc/arm-none-eabi/4.9.3/../../../../arm-none-eabi/lib/armv7e-m/fpu\libg.a(lib_a-memchr.o)
                0x08018a88                memchr
 .text.memmove  0x08018b1c       0xc8 c:/gcc_arm/49/bin/../lib/gcc/arm-none-eabi/4.9.3/../../../../arm-none-eabi/lib/armv7e-m/fpu\libg.a(lib_a-memmove.o)
                0x08018b1c                memmove
 .text._Balloc  0x08018be4       0x4c c:/gcc_arm/49/bin/../lib/gcc/arm-none-eabi/4.9.3/../../../../arm-none-eabi/lib/armv7e-m/fpu\libg.a(lib_a-mprec.o)
                0x08018be4                _Balloc
 .text._Bfree   0x08018c30       0x14 c:/gcc_arm/49/bin/../lib/gcc/arm-none-eabi/4.9.3/../../../../arm-none-eabi/lib/armv7e-m/fpu\libg.a(lib_a-mprec.o)
                0x08018c30                _Bfree
 .text.__multadd
                0x08018c44       0x84 c:/gcc_arm/49/bin/../lib/gcc/arm-none-eabi/4.9.3/../../../../arm-none-eabi/lib/armv7e-m/fpu\libg.a(lib_a-mprec.o)
                0x08018c44                __multadd
 .text.__hi0bits
                0x08018cc8       0x40 c:/gcc_arm/49/bin/../lib/gcc/arm-none-eabi/4.9.3/../../../../arm-none-eabi/lib/armv7e-m/fpu\libg.a(lib_a-mprec.o)
                0x08018cc8                __hi0bits
 .text.__lo0bits
                0x08018d08       0x5c c:/gcc_arm/49/bin/../lib/gcc/arm-none-eabi/4.9.3/../../../../arm-none-eabi/lib/armv7e-m/fpu\libg.a(lib_a-mprec.o)
                0x08018d08                __lo0bits
 .text.__i2b    0x08018d64       0x14 c:/gcc_arm/49/bin/../lib/gcc/arm-none-eabi/4.9.3/../../../../arm-none-eabi/lib/armv7e-m/fpu\libg.a(lib_a-mprec.o)
                0x08018d64                __i2b
 .text.__multiply
                0x08018d78      0x134 c:/gcc_arm/49/bin/../lib/gcc/arm-none-eabi/4.9.3/../../../../arm-none-eabi/lib/armv7e-m/fpu\libg.a(lib_a-mprec.o)
                0x08018d78                __multiply
 .text.__pow5mult
                0x08018eac       0xa0 c:/gcc_arm/49/bin/../lib/gcc/arm-none-eabi/4.9.3/../../../../arm-none-eabi/lib/armv7e-m/fpu\libg.a(lib_a-mprec.o)
                0x08018eac                __pow5mult
 .text.__lshift
                0x08018f4c       0xac c:/gcc_arm/49/bin/../lib/gcc/arm-none-eabi/4.9.3/../../../../arm-none-eabi/lib/armv7e-m/fpu\libg.a(lib_a-mprec.o)
                0x08018f4c                __lshift
 .text.__mcmp   0x08018ff8       0x48 c:/gcc_arm/49/bin/../lib/gcc/arm-none-eabi/4.9.3/../../../../arm-none-eabi/lib/armv7e-m/fpu\libg.a(lib_a-mprec.o)
                0x08018ff8                __mcmp
 .text.__mdiff  0x08019040       0xd4 c:/gcc_arm/49/bin/../lib/gcc/arm-none-eabi/4.9.3/../../../../arm-none-eabi/lib/armv7e-m/fpu\libg.a(lib_a-mprec.o)
                0x08019040                __mdiff
 .text.__d2b    0x08019114       0xbc c:/gcc_arm/49/bin/../lib/gcc/arm-none-eabi/4.9.3/../../../../arm-none-eabi/lib/armv7e-m/fpu\libg.a(lib_a-mprec.o)
                0x08019114                __d2b
 .text._putc_r  0x080191d0       0x58 c:/gcc_arm/49/bin/../lib/gcc/arm-none-eabi/4.9.3/../../../../arm-none-eabi/lib/armv7e-m/fpu\libg.a(lib_a-putc.o)
                0x080191d0                _putc_r
 .text._realloc_r
                0x08019228      0x3ec c:/gcc_arm/49/bin/../lib/gcc/arm-none-eabi/4.9.3/../../../../arm-none-eabi/lib/armv7e-m/fpu\libg.a(lib_a-reallocr.o)
                0x08019228                _realloc_r
 .text.__sread  0x08019614       0x24 c:/gcc_arm/49/bin/../lib/gcc/arm-none-eabi/4.9.3/../../../../arm-none-eabi/lib/armv7e-m/fpu\libg.a(lib_a-stdio.o)
                0x08019614                __sread
 .text.__swrite
                0x08019638       0x38 c:/gcc_arm/49/bin/../lib/gcc/arm-none-eabi/4.9.3/../../../../arm-none-eabi/lib/armv7e-m/fpu\libg.a(lib_a-stdio.o)
                0x08019638                __swrite
 .text.__sseek  0x08019670       0x20 c:/gcc_arm/49/bin/../lib/gcc/arm-none-eabi/4.9.3/../../../../arm-none-eabi/lib/armv7e-m/fpu\libg.a(lib_a-stdio.o)
                0x08019670                __sseek
 .text.__sclose
                0x08019690        0x8 c:/gcc_arm/49/bin/../lib/gcc/arm-none-eabi/4.9.3/../../../../arm-none-eabi/lib/armv7e-m/fpu\libg.a(lib_a-stdio.o)
                0x08019690                __sclose
 .text.strchr   0x08019698       0xcc c:/gcc_arm/49/bin/../lib/gcc/arm-none-eabi/4.9.3/../../../../arm-none-eabi/lib/armv7e-m/fpu\libg.a(lib_a-strchr.o)
                0x08019698                strchr
 .text.__ssprint_r
                0x08019764      0x104 c:/gcc_arm/49/bin/../lib/gcc/arm-none-eabi/4.9.3/../../../../arm-none-eabi/lib/armv7e-m/fpu\libg.a(lib_a-svfiprintf.o)
                0x08019764                __ssprint_r
 .text.__sprint_r.part.0
                0x08019868       0x78 c:/gcc_arm/49/bin/../lib/gcc/arm-none-eabi/4.9.3/../../../../arm-none-eabi/lib/armv7e-m/fpu\libg.a(lib_a-vfiprintf.o)
 .text.__sprint_r
                0x080198e0       0x18 c:/gcc_arm/49/bin/../lib/gcc/arm-none-eabi/4.9.3/../../../../arm-none-eabi/lib/armv7e-m/fpu\libg.a(lib_a-vfiprintf.o)
                0x080198e0                __sprint_r
 .text.__swbuf_r
                0x080198f8       0xa8 c:/gcc_arm/49/bin/../lib/gcc/arm-none-eabi/4.9.3/../../../../arm-none-eabi/lib/armv7e-m/fpu\libg.a(lib_a-wbuf.o)
                0x080198f8                __swbuf_r
 .text._write_r
                0x080199a0       0x28 c:/gcc_arm/49/bin/../lib/gcc/arm-none-eabi/4.9.3/../../../../arm-none-eabi/lib/armv7e-m/fpu\libg.a(lib_a-writer.o)
                0x080199a0                _write_r
 .text._calloc_r
                0x080199c8       0x60 c:/gcc_arm/49/bin/../lib/gcc/arm-none-eabi/4.9.3/../../../../arm-none-eabi/lib/armv7e-m/fpu\libg.a(lib_a-callocr.o)
                0x080199c8                _calloc_r
 .text._close_r
                0x08019a28       0x24 c:/gcc_arm/49/bin/../lib/gcc/arm-none-eabi/4.9.3/../../../../arm-none-eabi/lib/armv7e-m/fpu\libg.a(lib_a-closer.o)
                0x08019a28                _close_r
 .text._fclose_r
                0x08019a4c       0x84 c:/gcc_arm/49/bin/../lib/gcc/arm-none-eabi/4.9.3/../../../../arm-none-eabi/lib/armv7e-m/fpu\libg.a(lib_a-fclose.o)
                0x08019a4c                _fclose_r
 .text.__fputwc
                0x08019ad0       0xb0 c:/gcc_arm/49/bin/../lib/gcc/arm-none-eabi/4.9.3/../../../../arm-none-eabi/lib/armv7e-m/fpu\libg.a(lib_a-fputwc.o)
                0x08019ad0                __fputwc
 .text._fputwc_r
                0x08019b80       0x24 c:/gcc_arm/49/bin/../lib/gcc/arm-none-eabi/4.9.3/../../../../arm-none-eabi/lib/armv7e-m/fpu\libg.a(lib_a-fputwc.o)
                0x08019b80                _fputwc_r
 .text._fstat_r
                0x08019ba4       0x28 c:/gcc_arm/49/bin/../lib/gcc/arm-none-eabi/4.9.3/../../../../arm-none-eabi/lib/armv7e-m/fpu\libg.a(lib_a-fstatr.o)
                0x08019ba4                _fstat_r
 .text._isatty_r
                0x08019bcc       0x24 c:/gcc_arm/49/bin/../lib/gcc/arm-none-eabi/4.9.3/../../../../arm-none-eabi/lib/armv7e-m/fpu\libg.a(lib_a-isattyr.o)
                0x08019bcc                _isatty_r
 .text._lseek_r
                0x08019bf0       0x28 c:/gcc_arm/49/bin/../lib/gcc/arm-none-eabi/4.9.3/../../../../arm-none-eabi/lib/armv7e-m/fpu\libg.a(lib_a-lseekr.o)
                0x08019bf0                _lseek_r
 .text._read_r  0x08019c18       0x28 c:/gcc_arm/49/bin/../lib/gcc/arm-none-eabi/4.9.3/../../../../arm-none-eabi/lib/armv7e-m/fpu\libg.a(lib_a-readr.o)
                0x08019c18                _read_r
 .text._wcrtomb_r
                0x08019c40       0x54 c:/gcc_arm/49/bin/../lib/gcc/arm-none-eabi/4.9.3/../../../../arm-none-eabi/lib/armv7e-m/fpu\libg.a(lib_a-wcrtomb.o)
                0x08019c40                _wcrtomb_r
 .text.__ascii_wctomb
                0x08019c94       0x1c c:/gcc_arm/49/bin/../lib/gcc/arm-none-eabi/4.9.3/../../../../arm-none-eabi/lib/armv7e-m/fpu\libg.a(lib_a-wctomb_r.o)
                0x08019c94                __ascii_wctomb
 .text          0x08019cb0       0x30 c:/gcc_arm/49/bin/../lib/gcc/arm-none-eabi/4.9.3/armv7e-m/fpu\libgcc.a(_aeabi_uldivmod.o)
                0x08019cb0                __aeabi_uldivmod
 .text          0x08019ce0       0x60 c:/gcc_arm/49/bin/../lib/gcc/arm-none-eabi/4.9.3/armv7e-m/fpu\libgcc.a(bpabi.o)
                0x08019ce0                __gnu_ldivmod_helper
                0x08019d10                __gnu_uldivmod_helper
 .text          0x08019d40        0x4 c:/gcc_arm/49/bin/../lib/gcc/arm-none-eabi/4.9.3/armv7e-m/fpu\libgcc.a(_dvmd_tls.o)
                0x08019d40                __aeabi_idiv0
                0x08019d40                __aeabi_ldiv0
 .text          0x08019d44      0x29c c:/gcc_arm/49/bin/../lib/gcc/arm-none-eabi/4.9.3/armv7e-m/fpu\libgcc.a(_divdi3.o)
                0x08019d44                __divdi3
 .text          0x08019fe0      0x26c c:/gcc_arm/49/bin/../lib/gcc/arm-none-eabi/4.9.3/armv7e-m/fpu\libgcc.a(_udivdi3.o)
                0x08019fe0                __udivdi3
 *(.init)
 *(.fini)
 *crtbegin.o(.ctors)
 *crtbegin?.o(.ctors)
 *(EXCLUDE_FILE(*crtend.o *crtend?.o) .ctors)
 *(SORT(.ctors.*))
 *(.ctors)
 *crtbegin.o(.dtors)
 *crtbegin?.o(.dtors)
 *(EXCLUDE_FILE(*crtend.o *crtend?.o) .dtors)
 *(SORT(.dtors.*))
 *(.dtors)
 *(.rodata*)
 .rodata        0x0801a24c       0x89 ..\obj\udp_echoclient.o
 *fill*         0x0801a2d5        0x3 
 .rodata        0x0801a2d8        0xf ..\obj\cmdline.o
 *fill*         0x0801a2e7        0x1 
 .rodata        0x0801a2e8       0x8f ..\obj\tcp.o
                0x0801a360                tcp_backoff
                0x0801a370                tcp_persist_backoff
 *fill*         0x0801a377        0x1 
 .rodata        0x0801a378      0x256 ..\obj\gsm.o
 *fill*         0x0801a5ce        0x2 
 .rodata        0x0801a5d0       0x26 ..\obj\memp.o
 *fill*         0x0801a5f6        0x2 
 .rodata        0x0801a5f8       0x1f ..\obj\tm_stm32f4_gps.o
 *fill*         0x0801a617        0x1 
 .rodata        0x0801a618        0x8 ..\obj\ip_addr.o
                0x0801a618                ip_addr_any
                0x0801a61c                ip_addr_broadcast
 .rodata        0x0801a620       0x76 ..\obj\main.o
 *fill*         0x0801a696        0x2 
 .rodata        0x0801a698       0x86 ..\obj\netconf.o
 *fill*         0x0801a71e        0x2 
 .rodata        0x0801a720      0xa98 ..\obj\cmdline_functions.o
 .rodata        0x0801b1b8       0x14 ..\obj\stm32f4x7_eth_bsp.o
 .rodata        0x0801b1cc       0x39 ..\obj\ethernetif.o
 *fill*         0x0801b205        0x3 
 .rodata        0x0801b208        0xe ..\obj\etharp.o
                0x0801b208                ethbroadcast
                0x0801b210                ethzero
 *fill*         0x0801b216        0x2 
 .rodata        0x0801b218       0x87 ..\obj\utilities_new.o
 *fill*         0x0801b29f        0x1 
 .rodata.str1.4
                0x0801b2a0        0x4 c:/gcc_arm/49/bin/../lib/gcc/arm-none-eabi/4.9.3/../../../../arm-none-eabi/lib/armv7e-m/fpu\libm.a(lib_a-w_pow.o)
 .rodata.str1.4
                0x0801b2a4        0x7 c:/gcc_arm/49/bin/../lib/gcc/arm-none-eabi/4.9.3/../../../../arm-none-eabi/lib/armv7e-m/fpu\libm.a(lib_a-wf_log10.o)
                                  0x9 (size before relaxing)
 *fill*         0x0801b2ab        0x5 
 .rodata.dp_h   0x0801b2b0       0x10 c:/gcc_arm/49/bin/../lib/gcc/arm-none-eabi/4.9.3/../../../../arm-none-eabi/lib/armv7e-m/fpu\libm.a(lib_a-e_pow.o)
 .rodata.dp_l   0x0801b2c0       0x10 c:/gcc_arm/49/bin/../lib/gcc/arm-none-eabi/4.9.3/../../../../arm-none-eabi/lib/armv7e-m/fpu\libm.a(lib_a-e_pow.o)
 .rodata.bp     0x0801b2d0       0x10 c:/gcc_arm/49/bin/../lib/gcc/arm-none-eabi/4.9.3/../../../../arm-none-eabi/lib/armv7e-m/fpu\libm.a(lib_a-e_pow.o)
 .rodata.str1.4
                0x00000000        0x1 c:/gcc_arm/49/bin/../lib/gcc/arm-none-eabi/4.9.3/../../../../arm-none-eabi/lib/armv7e-m/fpu\libm.a(lib_a-e_pow.o)
 .rodata.TWO52  0x0801b2e0       0x10 c:/gcc_arm/49/bin/../lib/gcc/arm-none-eabi/4.9.3/../../../../arm-none-eabi/lib/armv7e-m/fpu\libm.a(lib_a-s_rint.o)
 .rodata.str1.4
                0x0801b2f0        0x2 c:/gcc_arm/49/bin/../lib/gcc/arm-none-eabi/4.9.3/../../../../arm-none-eabi/lib/armv7e-m/fpu\libg.a(lib_a-impure.o)
 *fill*         0x0801b2f2        0x2 
 .rodata.str1.4
                0x0801b2f4        0x2 c:/gcc_arm/49/bin/../lib/gcc/arm-none-eabi/4.9.3/../../../../arm-none-eabi/lib/armv7e-m/fpu\libg.a(lib_a-puts.o)
 *fill*         0x0801b2f6        0x2 
 .rodata.zeroes.6911
                0x0801b2f8       0x10 c:/gcc_arm/49/bin/../lib/gcc/arm-none-eabi/4.9.3/../../../../arm-none-eabi/lib/armv7e-m/fpu\libg.a(lib_a-svfprintf.o)
 .rodata.blanks.6910
                0x0801b308       0x10 c:/gcc_arm/49/bin/../lib/gcc/arm-none-eabi/4.9.3/../../../../arm-none-eabi/lib/armv7e-m/fpu\libg.a(lib_a-svfprintf.o)
 .rodata.str1.4
                0x0801b318       0x42 c:/gcc_arm/49/bin/../lib/gcc/arm-none-eabi/4.9.3/../../../../arm-none-eabi/lib/armv7e-m/fpu\libg.a(lib_a-svfprintf.o)
 *fill*         0x0801b35a        0x2 
 .rodata.zeroes.6926
                0x0801b35c       0x10 c:/gcc_arm/49/bin/../lib/gcc/arm-none-eabi/4.9.3/../../../../arm-none-eabi/lib/armv7e-m/fpu\libg.a(lib_a-vfprintf.o)
 .rodata.str1.4
                0x00000000       0x42 c:/gcc_arm/49/bin/../lib/gcc/arm-none-eabi/4.9.3/../../../../arm-none-eabi/lib/armv7e-m/fpu\libg.a(lib_a-vfprintf.o)
 .rodata.blanks.6925
                0x0801b36c       0x10 c:/gcc_arm/49/bin/../lib/gcc/arm-none-eabi/4.9.3/../../../../arm-none-eabi/lib/armv7e-m/fpu\libg.a(lib_a-vfprintf.o)
 .rodata._ctype_
                0x0801b37c      0x101 c:/gcc_arm/49/bin/../lib/gcc/arm-none-eabi/4.9.3/../../../../arm-none-eabi/lib/armv7e-m/fpu\libg.a(lib_a-ctype_.o)
                0x0801b37c                _ctype_
 *fill*         0x0801b47d        0x3 
 .rodata.str1.4
                0x0801b480       0x10 c:/gcc_arm/49/bin/../lib/gcc/arm-none-eabi/4.9.3/../../../../arm-none-eabi/lib/armv7e-m/fpu\libg.a(lib_a-dtoa.o)
                                 0x12 (size before relaxing)
 .rodata.str1.4
                0x0801b490        0xc c:/gcc_arm/49/bin/../lib/gcc/arm-none-eabi/4.9.3/../../../../arm-none-eabi/lib/armv7e-m/fpu\libg.a(lib_a-locale.o)
                                 0x12 (size before relaxing)
 *fill*         0x0801b49c        0x4 
 .rodata.__mprec_tens
                0x0801b4a0       0xc8 c:/gcc_arm/49/bin/../lib/gcc/arm-none-eabi/4.9.3/../../../../arm-none-eabi/lib/armv7e-m/fpu\libg.a(lib_a-mprec.o)
                0x0801b4a0                __mprec_tens
 .rodata.p05.5302
                0x0801b568        0xc c:/gcc_arm/49/bin/../lib/gcc/arm-none-eabi/4.9.3/../../../../arm-none-eabi/lib/armv7e-m/fpu\libg.a(lib_a-mprec.o)
 *fill*         0x0801b574        0x4 
 .rodata.__mprec_bigtens
                0x0801b578       0x28 c:/gcc_arm/49/bin/../lib/gcc/arm-none-eabi/4.9.3/../../../../arm-none-eabi/lib/armv7e-m/fpu\libg.a(lib_a-mprec.o)
                0x0801b578                __mprec_bigtens
 *(.eh_fram e*)

.glue_7         0x0801b5a0        0x0
 .glue_7        0x00000000        0x0 linker stubs

.glue_7t        0x0801b5a0        0x0
 .glue_7t       0x00000000        0x0 linker stubs

.vfp11_veneer   0x0801b5a0        0x0
 .vfp11_veneer  0x00000000        0x0 linker stubs

.v4_bx          0x0801b5a0        0x0
 .v4_bx         0x00000000        0x0 linker stubs

.iplt           0x0801b5a0        0x0
 .iplt          0x00000000        0x0 ..\obj\stm32f4xx_syscfg.o

.ARM.extab
 *(.ARM.extab* .gnu.linkonce.armextab.*)
                0x0801b5a0                __exidx_start = .

.ARM.exidx      0x0801b5a0        0x8
 *(.ARM.exidx* .gnu.linkonce.armexidx.*)
 .ARM.exidx     0x0801b5a0        0x8 c:/gcc_arm/49/bin/../lib/gcc/arm-none-eabi/4.9.3/armv7e-m/fpu\libgcc.a(_divdi3.o)
 .ARM.exidx     0x0801b5a8        0x0 c:/gcc_arm/49/bin/../lib/gcc/arm-none-eabi/4.9.3/armv7e-m/fpu\libgcc.a(_udivdi3.o)
                                  0x8 (size before relaxing)
                0x0801b5a8                __exidx_end = .
                0x0801b5a8                __etext = .
                0x0801b5a8                _sidata = __etext

.rel.dyn        0x0801b5a8        0x0
 .rel.iplt      0x00000000        0x0 ..\obj\stm32f4xx_syscfg.o

.data           0x20000000      0x9e8 load address 0x0801b5a8
                0x20000000                __data_start__ = .
                0x20000000                _sdata = __data_start__
 *(vtable)
 *(.data*)
 .data          0x20000000       0x3a ..\obj\cmdline.o
                0x20000000                CmdlinePrompt
                0x20000010                CmdlineError
                0x20000018                CmdlineCommand
                0x20000024                CmdlineNotice
                0x20000030                CmdlineCmdNotFound
 *fill*         0x2000003a        0x2 
 .data          0x2000003c       0x34 ..\obj\tcp.o
                0x2000003c                tcp_state_str
 .data          0x20000070        0x1 ..\obj\tm_stm32f4_gps.o
 *fill*         0x20000071        0x3 
 .data          0x20000074       0x10 ..\obj\stm32f4xx_rcc.o
 .data          0x20000084       0x60 ..\obj\tm_stm32f4_usart.o
                0x20000084                TM_USART1
                0x20000094                TM_USART2
                0x200000a4                TM_USART3
                0x200000b4                TM_UART4
                0x200000c4                TM_UART5
                0x200000d4                TM_USART6
 .data          0x200000e4       0x1e ..\obj\SI7021.o
                0x200000e4                RH_READ
                0x200000e8                TEMP_READ
                0x200000ec                POST_RH_TEMP_READ
                0x200000f0                SI7021_RESET
                0x200000f4                USER1_READ
                0x200000f8                USER1_WRITE
                0x200000fc                SERIAL1_READ
                0x20000100                SERIAL2_READ
 *fill*         0x20000102        0x2 
 .data          0x20000104        0xc ..\obj\tm_stm32f4_i2c.o
 .data          0x20000110       0x14 ..\obj\system_stm32f4xx.o
                0x20000110                SystemCoreClock
                0x20000114                AHBPrescTable
 .data          0x20000124       0x18 ..\obj\tm_stm32f4_rtc.o
                0x20000124                TM_RTC_Months
 .data          0x2000013c        0x4 ..\obj\dhcp.o
 .data.__fdlib_version
                0x20000140        0x1 c:/gcc_arm/49/bin/../lib/gcc/arm-none-eabi/4.9.3/../../../../arm-none-eabi/lib/armv7e-m/fpu\libm.a(lib_a-s_lib_ver.o)
                0x20000140                __fdlib_version
 *fill*         0x20000141        0x7 
 .data.impure_data
                0x20000148      0x428 c:/gcc_arm/49/bin/../lib/gcc/arm-none-eabi/4.9.3/../../../../arm-none-eabi/lib/armv7e-m/fpu\libg.a(lib_a-impure.o)
 .data._impure_ptr
                0x20000570        0x4 c:/gcc_arm/49/bin/../lib/gcc/arm-none-eabi/4.9.3/../../../../arm-none-eabi/lib/armv7e-m/fpu\libg.a(lib_a-impure.o)
                0x20000570                _impure_ptr
 .data.__malloc_av_